<?xml version="1.0" encoding="ISO-8859-1" ?>
<link_info>
   <banner>TI ARM Clang Linker PC v4.0.3.LTS</banner>
   <copyright>Copyright (c) 1996-2018 Texas Instruments Incorporated</copyright>
   <command_line>D:\ti\ccs2020\ccs\tools\compiler\ti-cgt-armllvm_4.0.3.LTS\bin\tiarmlnk -ID:\ti\ccs2020\ccs\tools\compiler\ti-cgt-armllvm_4.0.3.LTS\lib -o test4path.out -mtest4path.map -iD:/ti/mspm0_sdk_2_05_00_05/source -iC:/Users/ZHANG ZHIRUI/workspace_ccstheia/test4path -iC:/Users/ZHANG ZHIRUI/workspace_ccstheia/test4path/Debug/syscfg -iD:/ti/ccs2020/ccs/tools/compiler/ti-cgt-armllvm_4.0.3.LTS/lib --diag_wrap=off --display_error_number --warn_sections --xml_link_info=test4path_linkInfo.xml --rom_model ./main.o ./ti_msp_dl_config.o ./startup_mspm0g350x_ticlang.o ./Drivers/K230/K230.o ./Drivers/MSPM0/board.o ./Drivers/OLED_Hardware_SPI/oled_hardware_spi.o ./Drivers/WIT/wit.o ./Drivers/motor/encoder.o ./Drivers/motor/motor.o ./Drivers/track/track.o -l./device_linker.cmd -ldevice.cmd.genlibs -llibc.a -lD:/ti/mspm0_sdk_2_05_00_05/source/ti/driverlib/lib/ticlang/m0p/mspm0g1x0x_g3x0x/driverlib.a --start-group -llibc++.a -llibc++abi.a -llibc.a -llibsys.a -llibsysbm.a -llibclang_rt.builtins.a -llibclang_rt.profile.a --end-group --cg_opt_level=0</command_line>
   <link_time>0x687f3cd4</link_time>
   <link_errors>0x0</link_errors>
   <output_file>C:\Users\ZHANG ZHIRUI\workspace_ccstheia\test4path\Debug\test4path.out</output_file>
   <entry_point>
      <name>_c_int00_noargs</name>
      <address>0x16d9</address>
   </entry_point>
   <input_file_list>
      <input_file id="fl-1">
         <path>C:\Users\ZHANG ZHIRUI\workspace_ccstheia\test4path\Debug\.\</path>
         <kind>object</kind>
         <file>main.o</file>
         <name>main.o</name>
      </input_file>
      <input_file id="fl-2">
         <path>C:\Users\ZHANG ZHIRUI\workspace_ccstheia\test4path\Debug\.\</path>
         <kind>object</kind>
         <file>ti_msp_dl_config.o</file>
         <name>ti_msp_dl_config.o</name>
      </input_file>
      <input_file id="fl-3">
         <path>C:\Users\ZHANG ZHIRUI\workspace_ccstheia\test4path\Debug\.\</path>
         <kind>object</kind>
         <file>startup_mspm0g350x_ticlang.o</file>
         <name>startup_mspm0g350x_ticlang.o</name>
      </input_file>
      <input_file id="fl-4">
         <path>C:\Users\ZHANG ZHIRUI\workspace_ccstheia\test4path\Debug\.\Drivers\K230\</path>
         <kind>object</kind>
         <file>K230.o</file>
         <name>K230.o</name>
      </input_file>
      <input_file id="fl-5">
         <path>C:\Users\ZHANG ZHIRUI\workspace_ccstheia\test4path\Debug\.\Drivers\MSPM0\</path>
         <kind>object</kind>
         <file>board.o</file>
         <name>board.o</name>
      </input_file>
      <input_file id="fl-6">
         <path>C:\Users\ZHANG ZHIRUI\workspace_ccstheia\test4path\Debug\.\Drivers\OLED_Hardware_SPI\</path>
         <kind>object</kind>
         <file>oled_hardware_spi.o</file>
         <name>oled_hardware_spi.o</name>
      </input_file>
      <input_file id="fl-7">
         <path>C:\Users\ZHANG ZHIRUI\workspace_ccstheia\test4path\Debug\.\Drivers\WIT\</path>
         <kind>object</kind>
         <file>wit.o</file>
         <name>wit.o</name>
      </input_file>
      <input_file id="fl-8">
         <path>C:\Users\ZHANG ZHIRUI\workspace_ccstheia\test4path\Debug\.\Drivers\motor\</path>
         <kind>object</kind>
         <file>encoder.o</file>
         <name>encoder.o</name>
      </input_file>
      <input_file id="fl-9">
         <path>C:\Users\ZHANG ZHIRUI\workspace_ccstheia\test4path\Debug\.\Drivers\motor\</path>
         <kind>object</kind>
         <file>motor.o</file>
         <name>motor.o</name>
      </input_file>
      <input_file id="fl-a">
         <path>C:\Users\ZHANG ZHIRUI\workspace_ccstheia\test4path\Debug\.\Drivers\track\</path>
         <kind>object</kind>
         <file>track.o</file>
         <name>track.o</name>
      </input_file>
      <input_file id="fl-18">
         <path>C:\Users\ZHANG ZHIRUI\workspace_ccstheia\test4path\Debug\</path>
         <kind>object</kind>
         <file>&lt;internal&gt;</file>
         <name>&lt;internal&gt;</name>
      </input_file>
      <input_file id="fl-19">
         <path>D:\ti\mspm0_sdk_2_05_00_05\source\ti\driverlib\lib\ticlang\m0p\mspm0g1x0x_g3x0x\</path>
         <kind>archive</kind>
         <file>driverlib.a</file>
         <name>dl_common.o</name>
      </input_file>
      <input_file id="fl-1a">
         <path>D:\ti\mspm0_sdk_2_05_00_05\source\ti\driverlib\lib\ticlang\m0p\mspm0g1x0x_g3x0x\</path>
         <kind>archive</kind>
         <file>driverlib.a</file>
         <name>dl_dma.o</name>
      </input_file>
      <input_file id="fl-1b">
         <path>D:\ti\mspm0_sdk_2_05_00_05\source\ti\driverlib\lib\ticlang\m0p\mspm0g1x0x_g3x0x\</path>
         <kind>archive</kind>
         <file>driverlib.a</file>
         <name>dl_spi.o</name>
      </input_file>
      <input_file id="fl-1c">
         <path>D:\ti\mspm0_sdk_2_05_00_05\source\ti\driverlib\lib\ticlang\m0p\mspm0g1x0x_g3x0x\</path>
         <kind>archive</kind>
         <file>driverlib.a</file>
         <name>dl_timer.o</name>
      </input_file>
      <input_file id="fl-1d">
         <path>D:\ti\mspm0_sdk_2_05_00_05\source\ti\driverlib\lib\ticlang\m0p\mspm0g1x0x_g3x0x\</path>
         <kind>archive</kind>
         <file>driverlib.a</file>
         <name>dl_uart.o</name>
      </input_file>
      <input_file id="fl-1e">
         <path>D:\ti\mspm0_sdk_2_05_00_05\source\ti\driverlib\lib\ticlang\m0p\mspm0g1x0x_g3x0x\</path>
         <kind>archive</kind>
         <file>driverlib.a</file>
         <name>dl_sysctl_mspm0g1x0x_g3x0x.o</name>
      </input_file>
      <input_file id="fl-35">
         <path>D:\ti\ccs2020\ccs\tools\compiler\ti-cgt-armllvm_4.0.3.LTS\lib\armv6m-ti-none-eabi\c\</path>
         <kind>archive</kind>
         <file>libc.a</file>
         <name>boot_cortex_m.c.obj</name>
      </input_file>
      <input_file id="fl-36">
         <path>D:\ti\ccs2020\ccs\tools\compiler\ti-cgt-armllvm_4.0.3.LTS\lib\armv6m-ti-none-eabi\c\</path>
         <kind>archive</kind>
         <file>libc.a</file>
         <name>mathacl_init.c.obj</name>
      </input_file>
      <input_file id="fl-37">
         <path>D:\ti\ccs2020\ccs\tools\compiler\ti-cgt-armllvm_4.0.3.LTS\lib\armv6m-ti-none-eabi\c\</path>
         <kind>archive</kind>
         <file>libc.a</file>
         <name>autoinit.c.obj</name>
      </input_file>
      <input_file id="fl-38">
         <path>D:\ti\ccs2020\ccs\tools\compiler\ti-cgt-armllvm_4.0.3.LTS\lib\armv6m-ti-none-eabi\c\</path>
         <kind>archive</kind>
         <file>libc.a</file>
         <name>pre_init.c.obj</name>
      </input_file>
      <input_file id="fl-39">
         <path>D:\ti\ccs2020\ccs\tools\compiler\ti-cgt-armllvm_4.0.3.LTS\lib\armv6m-ti-none-eabi\c\</path>
         <kind>archive</kind>
         <file>libc.a</file>
         <name>cpy_tbl.c.obj</name>
      </input_file>
      <input_file id="fl-3a">
         <path>D:\ti\ccs2020\ccs\tools\compiler\ti-cgt-armllvm_4.0.3.LTS\lib\armv6m-ti-none-eabi\c\</path>
         <kind>archive</kind>
         <file>libc.a</file>
         <name>copy_zero_init.c.obj</name>
      </input_file>
      <input_file id="fl-3b">
         <path>D:\ti\ccs2020\ccs\tools\compiler\ti-cgt-armllvm_4.0.3.LTS\lib\armv6m-ti-none-eabi\c\</path>
         <kind>archive</kind>
         <file>libc.a</file>
         <name>copy_decompress_none.c.obj</name>
      </input_file>
      <input_file id="fl-3c">
         <path>D:\ti\ccs2020\ccs\tools\compiler\ti-cgt-armllvm_4.0.3.LTS\lib\armv6m-ti-none-eabi\c\</path>
         <kind>archive</kind>
         <file>libc.a</file>
         <name>copy_decompress_lzss.c.obj</name>
      </input_file>
      <input_file id="fl-3d">
         <path>D:\ti\ccs2020\ccs\tools\compiler\ti-cgt-armllvm_4.0.3.LTS\lib\armv6m-ti-none-eabi\c\</path>
         <kind>archive</kind>
         <file>libc.a</file>
         <name>exit.c.obj</name>
      </input_file>
      <input_file id="fl-3e">
         <path>D:\ti\ccs2020\ccs\tools\compiler\ti-cgt-armllvm_4.0.3.LTS\lib\armv6m-ti-none-eabi\c\</path>
         <kind>archive</kind>
         <file>libc.a</file>
         <name>_lock.c.obj</name>
      </input_file>
      <input_file id="fl-3f">
         <path>D:\ti\ccs2020\ccs\tools\compiler\ti-cgt-armllvm_4.0.3.LTS\lib\armv6m-ti-none-eabi\c\</path>
         <kind>archive</kind>
         <file>libc.a</file>
         <name>args_main.c.obj</name>
      </input_file>
      <input_file id="fl-df">
         <path>D:\ti\ccs2020\ccs\tools\compiler\ti-cgt-armllvm_4.0.3.LTS\lib\armv6m-ti-none-eabi\c\</path>
         <kind>archive</kind>
         <file>libsysbm.a</file>
         <name>hostexit.c.obj</name>
      </input_file>
      <input_file id="fl-e0">
         <path>D:\ti\ccs2020\ccs\tools\compiler\ti-cgt-armllvm_4.0.3.LTS\lib\armv6m-ti-none-eabi\</path>
         <kind>archive</kind>
         <file>libclang_rt.builtins.a</file>
         <name>addsf3.S.obj</name>
      </input_file>
      <input_file id="fl-e1">
         <path>D:\ti\ccs2020\ccs\tools\compiler\ti-cgt-armllvm_4.0.3.LTS\lib\armv6m-ti-none-eabi\</path>
         <kind>archive</kind>
         <file>libclang_rt.builtins.a</file>
         <name>adddf3.S.obj</name>
      </input_file>
      <input_file id="fl-e2">
         <path>D:\ti\ccs2020\ccs\tools\compiler\ti-cgt-armllvm_4.0.3.LTS\lib\armv6m-ti-none-eabi\</path>
         <kind>archive</kind>
         <file>libclang_rt.builtins.a</file>
         <name>muldf3.S.obj</name>
      </input_file>
      <input_file id="fl-e3">
         <path>D:\ti\ccs2020\ccs\tools\compiler\ti-cgt-armllvm_4.0.3.LTS\lib\armv6m-ti-none-eabi\</path>
         <kind>archive</kind>
         <file>libclang_rt.builtins.a</file>
         <name>muldsi3.S.obj</name>
      </input_file>
      <input_file id="fl-e4">
         <path>D:\ti\ccs2020\ccs\tools\compiler\ti-cgt-armllvm_4.0.3.LTS\lib\armv6m-ti-none-eabi\</path>
         <kind>archive</kind>
         <file>libclang_rt.builtins.a</file>
         <name>mulsf3.S.obj</name>
      </input_file>
      <input_file id="fl-e5">
         <path>D:\ti\ccs2020\ccs\tools\compiler\ti-cgt-armllvm_4.0.3.LTS\lib\armv6m-ti-none-eabi\</path>
         <kind>archive</kind>
         <file>libclang_rt.builtins.a</file>
         <name>divdf3.S.obj</name>
      </input_file>
      <input_file id="fl-e6">
         <path>D:\ti\ccs2020\ccs\tools\compiler\ti-cgt-armllvm_4.0.3.LTS\lib\armv6m-ti-none-eabi\</path>
         <kind>archive</kind>
         <file>libclang_rt.builtins.a</file>
         <name>extendsfdf2.S.obj</name>
      </input_file>
      <input_file id="fl-e7">
         <path>D:\ti\ccs2020\ccs\tools\compiler\ti-cgt-armllvm_4.0.3.LTS\lib\armv6m-ti-none-eabi\</path>
         <kind>archive</kind>
         <file>libclang_rt.builtins.a</file>
         <name>fixdfsi.S.obj</name>
      </input_file>
      <input_file id="fl-e8">
         <path>D:\ti\ccs2020\ccs\tools\compiler\ti-cgt-armllvm_4.0.3.LTS\lib\armv6m-ti-none-eabi\</path>
         <kind>archive</kind>
         <file>libclang_rt.builtins.a</file>
         <name>fixsfsi.S.obj</name>
      </input_file>
      <input_file id="fl-e9">
         <path>D:\ti\ccs2020\ccs\tools\compiler\ti-cgt-armllvm_4.0.3.LTS\lib\armv6m-ti-none-eabi\</path>
         <kind>archive</kind>
         <file>libclang_rt.builtins.a</file>
         <name>fixunsdfsi.S.obj</name>
      </input_file>
      <input_file id="fl-ea">
         <path>D:\ti\ccs2020\ccs\tools\compiler\ti-cgt-armllvm_4.0.3.LTS\lib\armv6m-ti-none-eabi\</path>
         <kind>archive</kind>
         <file>libclang_rt.builtins.a</file>
         <name>floatsidf.S.obj</name>
      </input_file>
      <input_file id="fl-eb">
         <path>D:\ti\ccs2020\ccs\tools\compiler\ti-cgt-armllvm_4.0.3.LTS\lib\armv6m-ti-none-eabi\</path>
         <kind>archive</kind>
         <file>libclang_rt.builtins.a</file>
         <name>floatsisf.S.obj</name>
      </input_file>
      <input_file id="fl-ec">
         <path>D:\ti\ccs2020\ccs\tools\compiler\ti-cgt-armllvm_4.0.3.LTS\lib\armv6m-ti-none-eabi\</path>
         <kind>archive</kind>
         <file>libclang_rt.builtins.a</file>
         <name>truncdfsf2.S.obj</name>
      </input_file>
      <input_file id="fl-ed">
         <path>D:\ti\ccs2020\ccs\tools\compiler\ti-cgt-armllvm_4.0.3.LTS\lib\armv6m-ti-none-eabi\</path>
         <kind>archive</kind>
         <file>libclang_rt.builtins.a</file>
         <name>aeabi_fcmp.S.obj</name>
      </input_file>
      <input_file id="fl-ee">
         <path>D:\ti\ccs2020\ccs\tools\compiler\ti-cgt-armllvm_4.0.3.LTS\lib\armv6m-ti-none-eabi\</path>
         <kind>archive</kind>
         <file>libclang_rt.builtins.a</file>
         <name>aeabi_memcpy.S.obj</name>
      </input_file>
      <input_file id="fl-ef">
         <path>D:\ti\ccs2020\ccs\tools\compiler\ti-cgt-armllvm_4.0.3.LTS\lib\armv6m-ti-none-eabi\</path>
         <kind>archive</kind>
         <file>libclang_rt.builtins.a</file>
         <name>aeabi_memset.S.obj</name>
      </input_file>
      <input_file id="fl-f0">
         <path>D:\ti\ccs2020\ccs\tools\compiler\ti-cgt-armllvm_4.0.3.LTS\lib\armv6m-ti-none-eabi\</path>
         <kind>archive</kind>
         <file>libclang_rt.builtins.a</file>
         <name>aeabi_uidivmod.S.obj</name>
      </input_file>
      <input_file id="fl-f1">
         <path>D:\ti\ccs2020\ccs\tools\compiler\ti-cgt-armllvm_4.0.3.LTS\lib\armv6m-ti-none-eabi\</path>
         <kind>archive</kind>
         <file>libclang_rt.builtins.a</file>
         <name>comparesf2.S.obj</name>
      </input_file>
      <input_file id="fl-f2">
         <path>D:\ti\ccs2020\ccs\tools\compiler\ti-cgt-armllvm_4.0.3.LTS\lib\armv6m-ti-none-eabi\</path>
         <kind>archive</kind>
         <file>libclang_rt.builtins.a</file>
         <name>aeabi_div0.c.obj</name>
      </input_file>
      <input_file id="fl-f3">
         <path>D:\ti\ccs2020\ccs\tools\compiler\ti-cgt-armllvm_4.0.3.LTS\lib\armv6m-ti-none-eabi\c\</path>
         <kind>archive</kind>
         <file>libc.a</file>
         <name>memcpy16.S.obj</name>
      </input_file>
      <input_file id="fl-f4">
         <path>D:\ti\ccs2020\ccs\tools\compiler\ti-cgt-armllvm_4.0.3.LTS\lib\armv6m-ti-none-eabi\c\</path>
         <kind>archive</kind>
         <file>libc.a</file>
         <name>memset16.S.obj</name>
      </input_file>
   </input_file_list>
   <object_component_list>
      <object_component id="oc-18">
         <name>.intvecs</name>
         <load_address>0x0</load_address>
         <readonly>true</readonly>
         <run_address>0x0</run_address>
         <size>0xc0</size>
         <alignment>0x4</alignment>
         <input_file_ref idref="fl-3"/>
      </object_component>
      <object_component id="oc-3e">
         <name>.text.UART3_IRQHandler</name>
         <load_address>0xc0</load_address>
         <readonly>true</readonly>
         <executable>true</executable>
         <run_address>0xc0</run_address>
         <size>0x38c</size>
         <alignment>0x4</alignment>
         <input_file_ref idref="fl-7"/>
      </object_component>
      <object_component id="oc-11c">
         <name>.text.SYSCFG_DL_GPIO_init</name>
         <load_address>0x44c</load_address>
         <readonly>true</readonly>
         <executable>true</executable>
         <run_address>0x44c</run_address>
         <size>0x1a4</size>
         <alignment>0x4</alignment>
         <input_file_ref idref="fl-2"/>
      </object_component>
      <object_component id="oc-91">
         <name>.text.adddf3_subdf3</name>
         <load_address>0x5f0</load_address>
         <readonly>true</readonly>
         <executable>true</executable>
         <run_address>0x5f0</run_address>
         <size>0x192</size>
         <alignment>0x4</alignment>
         <input_file_ref idref="fl-e1"/>
      </object_component>
      <object_component id="oc-7d">
         <name>.text.__divdf3</name>
         <load_address>0x784</load_address>
         <readonly>true</readonly>
         <executable>true</executable>
         <run_address>0x784</run_address>
         <size>0x10c</size>
         <alignment>0x4</alignment>
         <input_file_ref idref="fl-e5"/>
      </object_component>
      <object_component id="oc-167">
         <name>.text.DL_Timer_initFourCCPWMMode</name>
         <load_address>0x890</load_address>
         <readonly>true</readonly>
         <executable>true</executable>
         <run_address>0x890</run_address>
         <size>0x104</size>
         <alignment>0x4</alignment>
         <input_file_ref idref="fl-1c"/>
      </object_component>
      <object_component id="oc-39">
         <name>.text.GROUP1_IRQHandler</name>
         <load_address>0x994</load_address>
         <readonly>true</readonly>
         <executable>true</executable>
         <run_address>0x994</run_address>
         <size>0xf8</size>
         <alignment>0x4</alignment>
         <input_file_ref idref="fl-8"/>
      </object_component>
      <object_component id="oc-89">
         <name>.text.__muldf3</name>
         <load_address>0xa8c</load_address>
         <readonly>true</readonly>
         <executable>true</executable>
         <run_address>0xa8c</run_address>
         <size>0xe4</size>
         <alignment>0x4</alignment>
         <input_file_ref idref="fl-e2"/>
      </object_component>
      <object_component id="oc-158">
         <name>.text.DL_SYSCTL_configSYSPLL</name>
         <load_address>0xb70</load_address>
         <readonly>true</readonly>
         <executable>true</executable>
         <run_address>0xb70</run_address>
         <size>0xdc</size>
         <alignment>0x4</alignment>
         <input_file_ref idref="fl-1e"/>
      </object_component>
      <object_component id="oc-43">
         <name>.text.UART2_IRQHandler</name>
         <load_address>0xc4c</load_address>
         <readonly>true</readonly>
         <executable>true</executable>
         <run_address>0xc4c</run_address>
         <size>0xb4</size>
         <alignment>0x4</alignment>
         <input_file_ref idref="fl-4"/>
      </object_component>
      <object_component id="oc-11e">
         <name>.text.SYSCFG_DL_PWM_MOTOR_init</name>
         <load_address>0xd00</load_address>
         <readonly>true</readonly>
         <executable>true</executable>
         <run_address>0xd00</run_address>
         <size>0x90</size>
         <alignment>0x4</alignment>
         <input_file_ref idref="fl-2"/>
      </object_component>
      <object_component id="oc-12a">
         <name>.text.__NVIC_SetPriority</name>
         <load_address>0xd90</load_address>
         <readonly>true</readonly>
         <executable>true</executable>
         <run_address>0xd90</run_address>
         <size>0x84</size>
         <alignment>0x4</alignment>
         <input_file_ref idref="fl-5"/>
      </object_component>
      <object_component id="oc-11b">
         <name>.text.SYSCFG_DL_initPower</name>
         <load_address>0xe14</load_address>
         <readonly>true</readonly>
         <executable>true</executable>
         <run_address>0xe14</run_address>
         <size>0x7c</size>
         <alignment>0x4</alignment>
         <input_file_ref idref="fl-2"/>
      </object_component>
      <object_component id="oc-1c">
         <name>.text:decompress:lzss</name>
         <load_address>0xe90</load_address>
         <readonly>true</readonly>
         <executable>true</executable>
         <run_address>0xe90</run_address>
         <size>0x7c</size>
         <alignment>0x4</alignment>
         <input_file_ref idref="fl-3c"/>
      </object_component>
      <object_component id="oc-33">
         <name>.text.Default_Handler</name>
         <load_address>0xf0c</load_address>
         <readonly>true</readonly>
         <executable>true</executable>
         <run_address>0xf0c</run_address>
         <size>0x4</size>
         <alignment>0x2</alignment>
         <input_file_ref idref="fl-3"/>
      </object_component>
      <object_component id="oc-85">
         <name>.text.__truncdfsf2</name>
         <load_address>0xf10</load_address>
         <readonly>true</readonly>
         <executable>true</executable>
         <run_address>0xf10</run_address>
         <size>0x74</size>
         <alignment>0x10</alignment>
         <input_file_ref idref="fl-ec"/>
      </object_component>
      <object_component id="oc-11f">
         <name>.text.SYSCFG_DL_UART_WIT_init</name>
         <load_address>0xf84</load_address>
         <readonly>true</readonly>
         <executable>true</executable>
         <run_address>0xf84</run_address>
         <size>0x68</size>
         <alignment>0x4</alignment>
         <input_file_ref idref="fl-2"/>
      </object_component>
      <object_component id="oc-95">
         <name>.text.DL_UART_drainRXFIFO</name>
         <load_address>0xfec</load_address>
         <readonly>true</readonly>
         <executable>true</executable>
         <run_address>0xfec</run_address>
         <size>0x54</size>
         <alignment>0x4</alignment>
         <input_file_ref idref="fl-1d"/>
      </object_component>
      <object_component id="oc-129">
         <name>.text.SysTick_Config</name>
         <load_address>0x1040</load_address>
         <readonly>true</readonly>
         <executable>true</executable>
         <run_address>0x1040</run_address>
         <size>0x50</size>
         <alignment>0x4</alignment>
         <input_file_ref idref="fl-5"/>
      </object_component>
      <object_component id="oc-1a4">
         <name>.text.DL_DMA_initChannel</name>
         <load_address>0x1090</load_address>
         <readonly>true</readonly>
         <executable>true</executable>
         <run_address>0x1090</run_address>
         <size>0x4c</size>
         <alignment>0x4</alignment>
         <input_file_ref idref="fl-1a"/>
      </object_component>
      <object_component id="oc-173">
         <name>.text.DL_UART_setBaudRateDivisor</name>
         <load_address>0x10dc</load_address>
         <readonly>true</readonly>
         <executable>true</executable>
         <run_address>0x10dc</run_address>
         <size>0x4c</size>
         <alignment>0x4</alignment>
         <input_file_ref idref="fl-2"/>
      </object_component>
      <object_component id="oc-121">
         <name>.text.SYSCFG_DL_SPI_OLED_init</name>
         <load_address>0x1128</load_address>
         <readonly>true</readonly>
         <executable>true</executable>
         <run_address>0x1128</run_address>
         <size>0x4c</size>
         <alignment>0x4</alignment>
         <input_file_ref idref="fl-2"/>
      </object_component>
      <object_component id="oc-120">
         <name>.text.SYSCFG_DL_UART_K230_init</name>
         <load_address>0x1174</load_address>
         <readonly>true</readonly>
         <executable>true</executable>
         <run_address>0x1174</run_address>
         <size>0x4c</size>
         <alignment>0x4</alignment>
         <input_file_ref idref="fl-2"/>
      </object_component>
      <object_component id="oc-81">
         <name>.text.__fixdfsi</name>
         <load_address>0x11c0</load_address>
         <readonly>true</readonly>
         <executable>true</executable>
         <run_address>0x11c0</run_address>
         <size>0x4a</size>
         <alignment>0x4</alignment>
         <input_file_ref idref="fl-e7"/>
      </object_component>
      <object_component id="oc-171">
         <name>.text.DL_UART_init</name>
         <load_address>0x120c</load_address>
         <readonly>true</readonly>
         <executable>true</executable>
         <run_address>0x120c</run_address>
         <size>0x48</size>
         <alignment>0x4</alignment>
         <input_file_ref idref="fl-1d"/>
      </object_component>
      <object_component id="oc-ab">
         <name>.text.Motor_Off</name>
         <load_address>0x1254</load_address>
         <readonly>true</readonly>
         <executable>true</executable>
         <run_address>0x1254</run_address>
         <size>0x48</size>
         <alignment>0x4</alignment>
         <input_file_ref idref="fl-9"/>
      </object_component>
      <object_component id="oc-ee">
         <name>.text.SYSCFG_DL_init</name>
         <load_address>0x129c</load_address>
         <readonly>true</readonly>
         <executable>true</executable>
         <run_address>0x129c</run_address>
         <size>0x48</size>
         <alignment>0x4</alignment>
         <input_file_ref idref="fl-2"/>
      </object_component>
      <object_component id="oc-c3">
         <name>.text.main</name>
         <load_address>0x12e4</load_address>
         <readonly>true</readonly>
         <executable>true</executable>
         <run_address>0x12e4</run_address>
         <size>0x48</size>
         <alignment>0x4</alignment>
         <input_file_ref idref="fl-1"/>
      </object_component>
      <object_component id="oc-184">
         <name>.text.DL_SPI_init</name>
         <load_address>0x132c</load_address>
         <readonly>true</readonly>
         <executable>true</executable>
         <run_address>0x132c</run_address>
         <size>0x44</size>
         <alignment>0x4</alignment>
         <input_file_ref idref="fl-1b"/>
      </object_component>
      <object_component id="oc-15f">
         <name>.text.DL_SYSCTL_switchMCLKfromSYSOSCtoHSCLK</name>
         <load_address>0x1370</load_address>
         <readonly>true</readonly>
         <executable>true</executable>
         <run_address>0x1370</run_address>
         <size>0x44</size>
         <alignment>0x4</alignment>
         <input_file_ref idref="fl-1e"/>
      </object_component>
      <object_component id="oc-8d">
         <name>.text.__extendsfdf2</name>
         <load_address>0x13b4</load_address>
         <readonly>true</readonly>
         <executable>true</executable>
         <run_address>0x13b4</run_address>
         <size>0x40</size>
         <alignment>0x4</alignment>
         <input_file_ref idref="fl-e6"/>
      </object_component>
      <object_component id="oc-168">
         <name>.text.DL_Timer_setCounterControl</name>
         <load_address>0x13f4</load_address>
         <readonly>true</readonly>
         <executable>true</executable>
         <run_address>0x13f4</run_address>
         <size>0x3c</size>
         <alignment>0x4</alignment>
         <input_file_ref idref="fl-2"/>
      </object_component>
      <object_component id="oc-11d">
         <name>.text.SYSCFG_DL_SYSCTL_init</name>
         <load_address>0x1430</load_address>
         <readonly>true</readonly>
         <executable>true</executable>
         <run_address>0x1430</run_address>
         <size>0x3c</size>
         <alignment>0x4</alignment>
         <input_file_ref idref="fl-2"/>
      </object_component>
      <object_component id="oc-ad">
         <name>.text.__floatsisf</name>
         <load_address>0x146c</load_address>
         <readonly>true</readonly>
         <executable>true</executable>
         <run_address>0x146c</run_address>
         <size>0x3c</size>
         <alignment>0x4</alignment>
         <input_file_ref idref="fl-eb"/>
      </object_component>
      <object_component id="oc-101">
         <name>.text:__TI_auto_init_nobinit_nopinit</name>
         <load_address>0x14a8</load_address>
         <readonly>true</readonly>
         <executable>true</executable>
         <run_address>0x14a8</run_address>
         <size>0x3c</size>
         <alignment>0x4</alignment>
         <input_file_ref idref="fl-37"/>
      </object_component>
      <object_component id="oc-d6">
         <name>.text.__muldsi3</name>
         <load_address>0x14e4</load_address>
         <readonly>true</readonly>
         <executable>true</executable>
         <run_address>0x14e4</run_address>
         <size>0x3a</size>
         <alignment>0x4</alignment>
         <input_file_ref idref="fl-e3"/>
      </object_component>
      <object_component id="oc-14c">
         <name>.text.DL_GPIO_initDigitalInputFeatures</name>
         <load_address>0x1520</load_address>
         <readonly>true</readonly>
         <executable>true</executable>
         <run_address>0x1520</run_address>
         <size>0x34</size>
         <alignment>0x4</alignment>
         <input_file_ref idref="fl-2"/>
      </object_component>
      <object_component id="oc-9c">
         <name>.text.DL_DMA_setTransferSize</name>
         <load_address>0x1554</load_address>
         <readonly>true</readonly>
         <executable>true</executable>
         <run_address>0x1554</run_address>
         <size>0x30</size>
         <alignment>0x4</alignment>
         <input_file_ref idref="fl-7"/>
      </object_component>
      <object_component id="oc-188">
         <name>.text.DL_SPI_setFIFOThreshold</name>
         <load_address>0x1584</load_address>
         <readonly>true</readonly>
         <executable>true</executable>
         <run_address>0x1584</run_address>
         <size>0x30</size>
         <alignment>0x4</alignment>
         <input_file_ref idref="fl-2"/>
      </object_component>
      <object_component id="oc-f5">
         <name>.text.__NVIC_ClearPendingIRQ</name>
         <load_address>0x15b4</load_address>
         <readonly>true</readonly>
         <executable>true</executable>
         <run_address>0x15b4</run_address>
         <size>0x2c</size>
         <alignment>0x4</alignment>
         <input_file_ref idref="fl-1"/>
      </object_component>
      <object_component id="oc-f6">
         <name>.text.__NVIC_EnableIRQ</name>
         <load_address>0x15e0</load_address>
         <readonly>true</readonly>
         <executable>true</executable>
         <run_address>0x15e0</run_address>
         <size>0x2c</size>
         <alignment>0x4</alignment>
         <input_file_ref idref="fl-1"/>
      </object_component>
      <object_component id="oc-79">
         <name>.text.__floatsidf</name>
         <load_address>0x160c</load_address>
         <readonly>true</readonly>
         <executable>true</executable>
         <run_address>0x160c</run_address>
         <size>0x2c</size>
         <alignment>0x4</alignment>
         <input_file_ref idref="fl-ea"/>
      </object_component>
      <object_component id="oc-19d">
         <name>.text.DL_Common_updateReg</name>
         <load_address>0x1638</load_address>
         <readonly>true</readonly>
         <executable>true</executable>
         <run_address>0x1638</run_address>
         <size>0x28</size>
         <alignment>0x2</alignment>
         <input_file_ref idref="fl-2"/>
      </object_component>
      <object_component id="oc-9b">
         <name>.text.DL_DMA_setDestAddr</name>
         <load_address>0x1660</load_address>
         <readonly>true</readonly>
         <executable>true</executable>
         <run_address>0x1660</run_address>
         <size>0x28</size>
         <alignment>0x4</alignment>
         <input_file_ref idref="fl-7"/>
      </object_component>
      <object_component id="oc-18d">
         <name>.text.DL_SYSTICK_init</name>
         <load_address>0x1688</load_address>
         <readonly>true</readonly>
         <executable>true</executable>
         <run_address>0x1688</run_address>
         <size>0x28</size>
         <alignment>0x4</alignment>
         <input_file_ref idref="fl-2"/>
      </object_component>
      <object_component id="oc-177">
         <name>.text.DL_UART_setRXFIFOThreshold</name>
         <load_address>0x16b0</load_address>
         <readonly>true</readonly>
         <executable>true</executable>
         <run_address>0x16b0</run_address>
         <size>0x28</size>
         <alignment>0x4</alignment>
         <input_file_ref idref="fl-2"/>
      </object_component>
      <object_component id="oc-63">
         <name>.text:_c_int00_noargs</name>
         <load_address>0x16d8</load_address>
         <readonly>true</readonly>
         <executable>true</executable>
         <run_address>0x16d8</run_address>
         <size>0x28</size>
         <alignment>0x4</alignment>
         <input_file_ref idref="fl-35"/>
      </object_component>
      <object_component id="oc-75">
         <name>.text.DL_DMA_disableChannel</name>
         <load_address>0x1700</load_address>
         <readonly>true</readonly>
         <executable>true</executable>
         <run_address>0x1700</run_address>
         <size>0x26</size>
         <alignment>0x2</alignment>
         <input_file_ref idref="fl-7"/>
      </object_component>
      <object_component id="oc-9d">
         <name>.text.DL_DMA_enableChannel</name>
         <load_address>0x1726</load_address>
         <readonly>true</readonly>
         <executable>true</executable>
         <run_address>0x1726</run_address>
         <size>0x26</size>
         <alignment>0x2</alignment>
         <input_file_ref idref="fl-7"/>
      </object_component>
      <object_component id="oc-76">
         <name>.text.DL_DMA_getTransferSize</name>
         <load_address>0x174c</load_address>
         <readonly>true</readonly>
         <executable>true</executable>
         <run_address>0x174c</run_address>
         <size>0x24</size>
         <alignment>0x4</alignment>
         <input_file_ref idref="fl-7"/>
      </object_component>
      <object_component id="oc-185">
         <name>.text.DL_SPI_setBitRateSerialClockDivider</name>
         <load_address>0x1770</load_address>
         <readonly>true</readonly>
         <executable>true</executable>
         <run_address>0x1770</run_address>
         <size>0x24</size>
         <alignment>0x4</alignment>
         <input_file_ref idref="fl-2"/>
      </object_component>
      <object_component id="oc-187">
         <name>.text.DL_SPI_setControllerCommandDataModeConfig</name>
         <load_address>0x1794</load_address>
         <readonly>true</readonly>
         <executable>true</executable>
         <run_address>0x1794</run_address>
         <size>0x24</size>
         <alignment>0x4</alignment>
         <input_file_ref idref="fl-2"/>
      </object_component>
      <object_component id="oc-178">
         <name>.text.DL_UART_setRXInterruptTimeout</name>
         <load_address>0x17b8</load_address>
         <readonly>true</readonly>
         <executable>true</executable>
         <run_address>0x17b8</run_address>
         <size>0x24</size>
         <alignment>0x4</alignment>
         <input_file_ref idref="fl-2"/>
      </object_component>
      <object_component id="oc-14a">
         <name>.text.DL_GPIO_initPeripheralInputFunction</name>
         <load_address>0x17dc</load_address>
         <readonly>true</readonly>
         <executable>true</executable>
         <run_address>0x17dc</run_address>
         <size>0x20</size>
         <alignment>0x4</alignment>
         <input_file_ref idref="fl-2"/>
      </object_component>
      <object_component id="oc-154">
         <name>.text.DL_SYSCTL_setFlashWaitState</name>
         <load_address>0x17fc</load_address>
         <readonly>true</readonly>
         <executable>true</executable>
         <run_address>0x17fc</run_address>
         <size>0x20</size>
         <alignment>0x4</alignment>
         <input_file_ref idref="fl-2"/>
      </object_component>
      <object_component id="oc-172">
         <name>.text.DL_UART_setOversampling</name>
         <load_address>0x181c</load_address>
         <readonly>true</readonly>
         <executable>true</executable>
         <run_address>0x181c</run_address>
         <size>0x1e</size>
         <alignment>0x2</alignment>
         <input_file_ref idref="fl-2"/>
      </object_component>
      <object_component id="oc-6f">
         <name>.text.DL_GPIO_clearInterruptStatus</name>
         <load_address>0x183c</load_address>
         <readonly>true</readonly>
         <executable>true</executable>
         <run_address>0x183c</run_address>
         <size>0x1c</size>
         <alignment>0x4</alignment>
         <input_file_ref idref="fl-8"/>
      </object_component>
      <object_component id="oc-150">
         <name>.text.DL_GPIO_clearInterruptStatus</name>
         <load_address>0x1858</load_address>
         <readonly>true</readonly>
         <executable>true</executable>
         <run_address>0x1858</run_address>
         <size>0x1c</size>
         <alignment>0x4</alignment>
         <input_file_ref idref="fl-2"/>
      </object_component>
      <object_component id="oc-151">
         <name>.text.DL_GPIO_enableInterrupt</name>
         <load_address>0x1874</load_address>
         <readonly>true</readonly>
         <executable>true</executable>
         <run_address>0x1874</run_address>
         <size>0x1c</size>
         <alignment>0x4</alignment>
         <input_file_ref idref="fl-2"/>
      </object_component>
      <object_component id="oc-148">
         <name>.text.DL_GPIO_initPeripheralOutputFunction</name>
         <load_address>0x1890</load_address>
         <readonly>true</readonly>
         <executable>true</executable>
         <run_address>0x1890</run_address>
         <size>0x1c</size>
         <alignment>0x4</alignment>
         <input_file_ref idref="fl-2"/>
      </object_component>
      <object_component id="oc-14f">
         <name>.text.DL_GPIO_setLowerPinsPolarity</name>
         <load_address>0x18ac</load_address>
         <readonly>true</readonly>
         <executable>true</executable>
         <run_address>0x18ac</run_address>
         <size>0x1c</size>
         <alignment>0x4</alignment>
         <input_file_ref idref="fl-2"/>
      </object_component>
      <object_component id="oc-186">
         <name>.text.DL_SPI_enableControllerCommandDataMode</name>
         <load_address>0x18c8</load_address>
         <readonly>true</readonly>
         <executable>true</executable>
         <run_address>0x18c8</run_address>
         <size>0x1c</size>
         <alignment>0x4</alignment>
         <input_file_ref idref="fl-2"/>
      </object_component>
      <object_component id="oc-155">
         <name>.text.DL_SYSCTL_setSYSOSCFreq</name>
         <load_address>0x18e4</load_address>
         <readonly>true</readonly>
         <executable>true</executable>
         <run_address>0x18e4</run_address>
         <size>0x1c</size>
         <alignment>0x4</alignment>
         <input_file_ref idref="fl-2"/>
      </object_component>
      <object_component id="oc-15e">
         <name>.text.DL_SYSCTL_setULPCLKDivider</name>
         <load_address>0x1900</load_address>
         <readonly>true</readonly>
         <executable>true</executable>
         <run_address>0x1900</run_address>
         <size>0x1c</size>
         <alignment>0x4</alignment>
         <input_file_ref idref="fl-2"/>
      </object_component>
      <object_component id="oc-16a">
         <name>.text.DL_Timer_setCaptCompUpdateMethod</name>
         <load_address>0x191c</load_address>
         <readonly>true</readonly>
         <executable>true</executable>
         <run_address>0x191c</run_address>
         <size>0x1c</size>
         <alignment>0x4</alignment>
         <input_file_ref idref="fl-1c"/>
      </object_component>
      <object_component id="oc-161">
         <name>.text.DL_Timer_setClockConfig</name>
         <load_address>0x1938</load_address>
         <readonly>true</readonly>
         <executable>true</executable>
         <run_address>0x1938</run_address>
         <size>0x1c</size>
         <alignment>0x4</alignment>
         <input_file_ref idref="fl-1c"/>
      </object_component>
      <object_component id="oc-174">
         <name>.text.DL_UART_enableInterrupt</name>
         <load_address>0x1954</load_address>
         <readonly>true</readonly>
         <executable>true</executable>
         <run_address>0x1954</run_address>
         <size>0x1c</size>
         <alignment>0x4</alignment>
         <input_file_ref idref="fl-2"/>
      </object_component>
      <object_component id="oc-149">
         <name>.text.DL_GPIO_enableOutput</name>
         <load_address>0x1970</load_address>
         <readonly>true</readonly>
         <executable>true</executable>
         <run_address>0x1970</run_address>
         <size>0x18</size>
         <alignment>0x4</alignment>
         <input_file_ref idref="fl-2"/>
      </object_component>
      <object_component id="oc-140">
         <name>.text.DL_GPIO_enablePower</name>
         <load_address>0x1988</load_address>
         <readonly>true</readonly>
         <executable>true</executable>
         <run_address>0x1988</run_address>
         <size>0x18</size>
         <alignment>0x4</alignment>
         <input_file_ref idref="fl-2"/>
      </object_component>
      <object_component id="oc-6d">
         <name>.text.DL_GPIO_getEnabledInterruptStatus</name>
         <load_address>0x19a0</load_address>
         <readonly>true</readonly>
         <executable>true</executable>
         <run_address>0x19a0</run_address>
         <size>0x18</size>
         <alignment>0x4</alignment>
         <input_file_ref idref="fl-8"/>
      </object_component>
      <object_component id="oc-14b">
         <name>.text.DL_GPIO_initDigitalOutput</name>
         <load_address>0x19b8</load_address>
         <readonly>true</readonly>
         <executable>true</executable>
         <run_address>0x19b8</run_address>
         <size>0x18</size>
         <alignment>0x4</alignment>
         <input_file_ref idref="fl-2"/>
      </object_component>
      <object_component id="oc-13c">
         <name>.text.DL_GPIO_reset</name>
         <load_address>0x19d0</load_address>
         <readonly>true</readonly>
         <executable>true</executable>
         <run_address>0x19d0</run_address>
         <size>0x18</size>
         <alignment>0x4</alignment>
         <input_file_ref idref="fl-2"/>
      </object_component>
      <object_component id="oc-a8">
         <name>.text.DL_GPIO_setPins</name>
         <load_address>0x19e8</load_address>
         <readonly>true</readonly>
         <executable>true</executable>
         <run_address>0x19e8</run_address>
         <size>0x18</size>
         <alignment>0x4</alignment>
         <input_file_ref idref="fl-4"/>
      </object_component>
      <object_component id="oc-df">
         <name>.text.DL_GPIO_setPins</name>
         <load_address>0x1a00</load_address>
         <readonly>true</readonly>
         <executable>true</executable>
         <run_address>0x1a00</run_address>
         <size>0x18</size>
         <alignment>0x4</alignment>
         <input_file_ref idref="fl-9"/>
      </object_component>
      <object_component id="oc-14e">
         <name>.text.DL_GPIO_setPins</name>
         <load_address>0x1a18</load_address>
         <readonly>true</readonly>
         <executable>true</executable>
         <run_address>0x1a18</run_address>
         <size>0x18</size>
         <alignment>0x4</alignment>
         <input_file_ref idref="fl-2"/>
      </object_component>
      <object_component id="oc-152">
         <name>.text.DL_GPIO_setUpperPinsPolarity</name>
         <load_address>0x1a30</load_address>
         <readonly>true</readonly>
         <executable>true</executable>
         <run_address>0x1a30</run_address>
         <size>0x18</size>
         <alignment>0x2</alignment>
         <input_file_ref idref="fl-2"/>
      </object_component>
      <object_component id="oc-189">
         <name>.text.DL_SPI_enable</name>
         <load_address>0x1a48</load_address>
         <readonly>true</readonly>
         <executable>true</executable>
         <run_address>0x1a48</run_address>
         <size>0x18</size>
         <alignment>0x4</alignment>
         <input_file_ref idref="fl-2"/>
      </object_component>
      <object_component id="oc-143">
         <name>.text.DL_SPI_enablePower</name>
         <load_address>0x1a60</load_address>
         <readonly>true</readonly>
         <executable>true</executable>
         <run_address>0x1a60</run_address>
         <size>0x18</size>
         <alignment>0x4</alignment>
         <input_file_ref idref="fl-2"/>
      </object_component>
      <object_component id="oc-13f">
         <name>.text.DL_SPI_reset</name>
         <load_address>0x1a78</load_address>
         <readonly>true</readonly>
         <executable>true</executable>
         <run_address>0x1a78</run_address>
         <size>0x18</size>
         <alignment>0x4</alignment>
         <input_file_ref idref="fl-2"/>
      </object_component>
      <object_component id="oc-153">
         <name>.text.DL_SYSCTL_setBORThreshold</name>
         <load_address>0x1a90</load_address>
         <readonly>true</readonly>
         <executable>true</executable>
         <run_address>0x1a90</run_address>
         <size>0x18</size>
         <alignment>0x4</alignment>
         <input_file_ref idref="fl-2"/>
      </object_component>
      <object_component id="oc-141">
         <name>.text.DL_Timer_enablePower</name>
         <load_address>0x1aa8</load_address>
         <readonly>true</readonly>
         <executable>true</executable>
         <run_address>0x1aa8</run_address>
         <size>0x18</size>
         <alignment>0x4</alignment>
         <input_file_ref idref="fl-2"/>
      </object_component>
      <object_component id="oc-13d">
         <name>.text.DL_Timer_reset</name>
         <load_address>0x1ac0</load_address>
         <readonly>true</readonly>
         <executable>true</executable>
         <run_address>0x1ac0</run_address>
         <size>0x18</size>
         <alignment>0x4</alignment>
         <input_file_ref idref="fl-2"/>
      </object_component>
      <object_component id="oc-169">
         <name>.text.DL_Timer_setCaptureCompareOutCtl</name>
         <load_address>0x1ad8</load_address>
         <readonly>true</readonly>
         <executable>true</executable>
         <run_address>0x1ad8</run_address>
         <size>0x18</size>
         <alignment>0x4</alignment>
         <input_file_ref idref="fl-1c"/>
      </object_component>
      <object_component id="oc-f4">
         <name>.text.DL_Timer_startCounter</name>
         <load_address>0x1af0</load_address>
         <readonly>true</readonly>
         <executable>true</executable>
         <run_address>0x1af0</run_address>
         <size>0x18</size>
         <alignment>0x4</alignment>
         <input_file_ref idref="fl-1"/>
      </object_component>
      <object_component id="oc-175">
         <name>.text.DL_UART_enableDMAReceiveEvent</name>
         <load_address>0x1b08</load_address>
         <readonly>true</readonly>
         <executable>true</executable>
         <run_address>0x1b08</run_address>
         <size>0x18</size>
         <alignment>0x4</alignment>
         <input_file_ref idref="fl-2"/>
      </object_component>
      <object_component id="oc-176">
         <name>.text.DL_UART_enableFIFOs</name>
         <load_address>0x1b20</load_address>
         <readonly>true</readonly>
         <executable>true</executable>
         <run_address>0x1b20</run_address>
         <size>0x18</size>
         <alignment>0x2</alignment>
         <input_file_ref idref="fl-2"/>
      </object_component>
      <object_component id="oc-142">
         <name>.text.DL_UART_enablePower</name>
         <load_address>0x1b38</load_address>
         <readonly>true</readonly>
         <executable>true</executable>
         <run_address>0x1b38</run_address>
         <size>0x18</size>
         <alignment>0x4</alignment>
         <input_file_ref idref="fl-2"/>
      </object_component>
      <object_component id="oc-77">
         <name>.text.DL_UART_isRXFIFOEmpty</name>
         <load_address>0x1b50</load_address>
         <readonly>true</readonly>
         <executable>true</executable>
         <run_address>0x1b50</run_address>
         <size>0x18</size>
         <alignment>0x4</alignment>
         <input_file_ref idref="fl-7"/>
      </object_component>
      <object_component id="oc-13e">
         <name>.text.DL_UART_reset</name>
         <load_address>0x1b68</load_address>
         <readonly>true</readonly>
         <executable>true</executable>
         <run_address>0x1b68</run_address>
         <size>0x18</size>
         <alignment>0x4</alignment>
         <input_file_ref idref="fl-2"/>
      </object_component>
      <object_component id="oc-18c">
         <name>.text.SYSCFG_DL_DMA_WIT_init</name>
         <load_address>0x1b80</load_address>
         <readonly>true</readonly>
         <executable>true</executable>
         <run_address>0x1b80</run_address>
         <size>0x18</size>
         <alignment>0x4</alignment>
         <input_file_ref idref="fl-2"/>
      </object_component>
      <object_component id="oc-f3">
         <name>.text.SysTick_Init</name>
         <load_address>0x1b98</load_address>
         <readonly>true</readonly>
         <executable>true</executable>
         <run_address>0x1b98</run_address>
         <size>0x18</size>
         <alignment>0x4</alignment>
         <input_file_ref idref="fl-5"/>
      </object_component>
      <object_component id="oc-6e">
         <name>.text.DL_GPIO_readPins</name>
         <load_address>0x1bb0</load_address>
         <readonly>true</readonly>
         <executable>true</executable>
         <run_address>0x1bb0</run_address>
         <size>0x16</size>
         <alignment>0x2</alignment>
         <input_file_ref idref="fl-8"/>
      </object_component>
      <object_component id="oc-f7">
         <name>.text.DL_GPIO_readPins</name>
         <load_address>0x1bc6</load_address>
         <readonly>true</readonly>
         <executable>true</executable>
         <run_address>0x1bc6</run_address>
         <size>0x16</size>
         <alignment>0x2</alignment>
         <input_file_ref idref="fl-1"/>
      </object_component>
      <object_component id="oc-179">
         <name>.text.DL_UART_enable</name>
         <load_address>0x1bdc</load_address>
         <readonly>true</readonly>
         <executable>true</executable>
         <run_address>0x1bdc</run_address>
         <size>0x16</size>
         <alignment>0x2</alignment>
         <input_file_ref idref="fl-2"/>
      </object_component>
      <object_component id="oc-5a">
         <name>.text:decompress:ZI:__TI_zero_init_nomemset</name>
         <load_address>0x1bf2</load_address>
         <readonly>true</readonly>
         <executable>true</executable>
         <run_address>0x1bf2</run_address>
         <size>0x16</size>
         <alignment>0x2</alignment>
         <input_file_ref idref="fl-3a"/>
      </object_component>
      <object_component id="oc-ac">
         <name>.text.DL_GPIO_clearPins</name>
         <load_address>0x1c08</load_address>
         <readonly>true</readonly>
         <executable>true</executable>
         <run_address>0x1c08</run_address>
         <size>0x14</size>
         <alignment>0x2</alignment>
         <input_file_ref idref="fl-4"/>
      </object_component>
      <object_component id="oc-e2">
         <name>.text.DL_GPIO_clearPins</name>
         <load_address>0x1c1c</load_address>
         <readonly>true</readonly>
         <executable>true</executable>
         <run_address>0x1c1c</run_address>
         <size>0x14</size>
         <alignment>0x2</alignment>
         <input_file_ref idref="fl-9"/>
      </object_component>
      <object_component id="oc-14d">
         <name>.text.DL_GPIO_clearPins</name>
         <load_address>0x1c30</load_address>
         <readonly>true</readonly>
         <executable>true</executable>
         <run_address>0x1c30</run_address>
         <size>0x14</size>
         <alignment>0x2</alignment>
         <input_file_ref idref="fl-2"/>
      </object_component>
      <object_component id="oc-157">
         <name>.text.DL_SYSCTL_disableSYSPLL</name>
         <load_address>0x1c44</load_address>
         <readonly>true</readonly>
         <executable>true</executable>
         <run_address>0x1c44</run_address>
         <size>0x14</size>
         <alignment>0x4</alignment>
         <input_file_ref idref="fl-2"/>
      </object_component>
      <object_component id="oc-16c">
         <name>.text.DL_Timer_enableClock</name>
         <load_address>0x1c58</load_address>
         <readonly>true</readonly>
         <executable>true</executable>
         <run_address>0x1c58</run_address>
         <size>0x14</size>
         <alignment>0x4</alignment>
         <input_file_ref idref="fl-2"/>
      </object_component>
      <object_component id="oc-16d">
         <name>.text.DL_Timer_setCCPDirection</name>
         <load_address>0x1c6c</load_address>
         <readonly>true</readonly>
         <executable>true</executable>
         <run_address>0x1c6c</run_address>
         <size>0x14</size>
         <alignment>0x2</alignment>
         <input_file_ref idref="fl-2"/>
      </object_component>
      <object_component id="oc-aa">
         <name>.text.DL_UART_receiveData</name>
         <load_address>0x1c80</load_address>
         <readonly>true</readonly>
         <executable>true</executable>
         <run_address>0x1c80</run_address>
         <size>0x14</size>
         <alignment>0x4</alignment>
         <input_file_ref idref="fl-4"/>
      </object_component>
      <object_component id="oc-78">
         <name>.text.DL_UART_receiveData</name>
         <load_address>0x1c94</load_address>
         <readonly>true</readonly>
         <executable>true</executable>
         <run_address>0x1c94</run_address>
         <size>0x14</size>
         <alignment>0x4</alignment>
         <input_file_ref idref="fl-7"/>
      </object_component>
      <object_component id="oc-a3">
         <name>.text.Motor_On</name>
         <load_address>0x1ca8</load_address>
         <readonly>true</readonly>
         <executable>true</executable>
         <run_address>0x1ca8</run_address>
         <size>0x14</size>
         <alignment>0x4</alignment>
         <input_file_ref idref="fl-9"/>
      </object_component>
      <object_component id="oc-17e">
         <name>.text.DL_SPI_setClockConfig</name>
         <load_address>0x1cbc</load_address>
         <readonly>true</readonly>
         <executable>true</executable>
         <run_address>0x1cbc</run_address>
         <size>0x12</size>
         <alignment>0x2</alignment>
         <input_file_ref idref="fl-1b"/>
      </object_component>
      <object_component id="oc-a9">
         <name>.text.DL_UART_getPendingInterrupt</name>
         <load_address>0x1cce</load_address>
         <readonly>true</readonly>
         <executable>true</executable>
         <run_address>0x1cce</run_address>
         <size>0x12</size>
         <alignment>0x2</alignment>
         <input_file_ref idref="fl-4"/>
      </object_component>
      <object_component id="oc-170">
         <name>.text.DL_UART_setClockConfig</name>
         <load_address>0x1ce0</load_address>
         <readonly>true</readonly>
         <executable>true</executable>
         <run_address>0x1ce0</run_address>
         <size>0x12</size>
         <alignment>0x2</alignment>
         <input_file_ref idref="fl-1d"/>
      </object_component>
      <object_component id="oc-e4">
         <name>.text:TI_memcpy_small</name>
         <load_address>0x1cf2</load_address>
         <readonly>true</readonly>
         <executable>true</executable>
         <run_address>0x1cf2</run_address>
         <size>0x12</size>
         <alignment>0x1</alignment>
         <input_file_ref idref="fl-f3"/>
      </object_component>
      <object_component id="oc-20">
         <name>.text:decompress:none</name>
         <load_address>0x1d04</load_address>
         <readonly>true</readonly>
         <executable>true</executable>
         <run_address>0x1d04</run_address>
         <size>0x12</size>
         <alignment>0x2</alignment>
         <input_file_ref idref="fl-3b"/>
      </object_component>
      <object_component id="oc-156">
         <name>.text.DL_SYSCTL_disableHFXT</name>
         <load_address>0x1d18</load_address>
         <readonly>true</readonly>
         <executable>true</executable>
         <run_address>0x1d18</run_address>
         <size>0x10</size>
         <alignment>0x4</alignment>
         <input_file_ref idref="fl-2"/>
      </object_component>
      <object_component id="oc-18e">
         <name>.text.DL_SYSTICK_enable</name>
         <load_address>0x1d28</load_address>
         <readonly>true</readonly>
         <executable>true</executable>
         <run_address>0x1d28</run_address>
         <size>0x10</size>
         <alignment>0x4</alignment>
         <input_file_ref idref="fl-2"/>
      </object_component>
      <object_component id="oc-16b">
         <name>.text.DL_Timer_setCaptureCompareValue</name>
         <load_address>0x1d38</load_address>
         <readonly>true</readonly>
         <executable>true</executable>
         <run_address>0x1d38</run_address>
         <size>0x10</size>
         <alignment>0x4</alignment>
         <input_file_ref idref="fl-1c"/>
      </object_component>
      <object_component id="oc-34">
         <name>.text.SysTick_Handler</name>
         <load_address>0x1d48</load_address>
         <readonly>true</readonly>
         <executable>true</executable>
         <run_address>0x1d48</run_address>
         <size>0x10</size>
         <alignment>0x4</alignment>
         <input_file_ref idref="fl-5"/>
      </object_component>
      <object_component id="oc-123">
         <name>.text.SYSCFG_DL_SYSTICK_init</name>
         <load_address>0x1d58</load_address>
         <readonly>true</readonly>
         <executable>true</executable>
         <run_address>0x1d58</run_address>
         <size>0xe</size>
         <alignment>0x2</alignment>
         <input_file_ref idref="fl-2"/>
      </object_component>
      <object_component id="oc-144">
         <name>.text.DL_Common_delayCycles</name>
         <load_address>0x1d66</load_address>
         <readonly>true</readonly>
         <executable>true</executable>
         <run_address>0x1d66</run_address>
         <size>0xa</size>
         <alignment>0x2</alignment>
         <input_file_ref idref="fl-19"/>
      </object_component>
      <object_component id="oc-122">
         <name>.text.SYSCFG_DL_DMA_init</name>
         <load_address>0x1d70</load_address>
         <readonly>true</readonly>
         <executable>true</executable>
         <run_address>0x1d70</run_address>
         <size>0x8</size>
         <alignment>0x2</alignment>
         <input_file_ref idref="fl-2"/>
      </object_component>
      <object_component id="oc-53">
         <name>.text.__aeabi_memcpy</name>
         <load_address>0x1d78</load_address>
         <readonly>true</readonly>
         <executable>true</executable>
         <run_address>0x1d78</run_address>
         <size>0x8</size>
         <alignment>0x4</alignment>
         <input_file_ref idref="fl-ee"/>
      </object_component>
      <object_component id="oc-fa">
         <name>.text:abort</name>
         <load_address>0x1d80</load_address>
         <readonly>true</readonly>
         <executable>true</executable>
         <run_address>0x1d80</run_address>
         <size>0x6</size>
         <alignment>0x2</alignment>
         <input_file_ref idref="fl-3d"/>
      </object_component>
      <object_component id="oc-12b">
         <name>.text.HOSTexit</name>
         <load_address>0x1d86</load_address>
         <readonly>true</readonly>
         <executable>true</executable>
         <run_address>0x1d86</run_address>
         <size>0x4</size>
         <alignment>0x2</alignment>
         <input_file_ref idref="fl-df"/>
      </object_component>
      <object_component id="oc-2f">
         <name>.text.Reset_Handler</name>
         <load_address>0x1d8a</load_address>
         <readonly>true</readonly>
         <executable>true</executable>
         <run_address>0x1d8a</run_address>
         <size>0x4</size>
         <alignment>0x2</alignment>
         <input_file_ref idref="fl-3"/>
      </object_component>
      <object_component id="oc-bf">
         <name>.text._system_pre_init</name>
         <load_address>0x1d8e</load_address>
         <readonly>true</readonly>
         <executable>true</executable>
         <run_address>0x1d8e</run_address>
         <size>0x4</size>
         <alignment>0x2</alignment>
         <input_file_ref idref="fl-38"/>
      </object_component>
      <object_component id="oc-1eb">
         <name>__TI_handler_table</name>
         <load_address>0x1e10</load_address>
         <readonly>true</readonly>
         <run_address>0x1e10</run_address>
         <size>0xc</size>
         <alignment>0x4</alignment>
      </object_component>
      <object_component id="oc-1ee">
         <name>.cinit..bss.load</name>
         <load_address>0x1e1c</load_address>
         <readonly>true</readonly>
         <run_address>0x1e1c</run_address>
         <size>0x8</size>
         <alignment>0x4</alignment>
      </object_component>
      <object_component id="oc-1ed">
         <name>.cinit..data.load</name>
         <load_address>0x1e24</load_address>
         <readonly>true</readonly>
         <run_address>0x1e24</run_address>
         <size>0x7</size>
         <alignment>0x1</alignment>
      </object_component>
      <object_component id="oc-1ec">
         <name>__TI_cinit_table</name>
         <load_address>0x1e2c</load_address>
         <readonly>true</readonly>
         <run_address>0x1e2c</run_address>
         <size>0x10</size>
         <alignment>0x4</alignment>
      </object_component>
      <object_component id="oc-160">
         <name>.rodata.gSYSPLLConfig</name>
         <load_address>0x1da0</load_address>
         <readonly>true</readonly>
         <run_address>0x1da0</run_address>
         <size>0x28</size>
         <alignment>0x4</alignment>
         <input_file_ref idref="fl-2"/>
      </object_component>
      <object_component id="oc-1a8">
         <name>.rodata.gDMA_WITConfig</name>
         <load_address>0x1dc8</load_address>
         <readonly>true</readonly>
         <run_address>0x1dc8</run_address>
         <size>0x18</size>
         <alignment>0x4</alignment>
         <input_file_ref idref="fl-2"/>
      </object_component>
      <object_component id="oc-18b">
         <name>.rodata.gSPI_OLED_config</name>
         <load_address>0x1de0</load_address>
         <readonly>true</readonly>
         <run_address>0x1de0</run_address>
         <size>0xa</size>
         <alignment>0x2</alignment>
         <input_file_ref idref="fl-2"/>
      </object_component>
      <object_component id="oc-17d">
         <name>.rodata.gUART_K230Config</name>
         <load_address>0x1dea</load_address>
         <readonly>true</readonly>
         <run_address>0x1dea</run_address>
         <size>0xa</size>
         <alignment>0x2</alignment>
         <input_file_ref idref="fl-2"/>
      </object_component>
      <object_component id="oc-17b">
         <name>.rodata.gUART_WITConfig</name>
         <load_address>0x1df4</load_address>
         <readonly>true</readonly>
         <run_address>0x1df4</run_address>
         <size>0xa</size>
         <alignment>0x2</alignment>
         <input_file_ref idref="fl-2"/>
      </object_component>
      <object_component id="oc-18a">
         <name>.rodata.gSPI_OLED_clockConfig</name>
         <load_address>0x1dfe</load_address>
         <readonly>true</readonly>
         <run_address>0x1dfe</run_address>
         <size>0x2</size>
         <alignment>0x1</alignment>
         <input_file_ref idref="fl-2"/>
      </object_component>
      <object_component id="oc-16f">
         <name>.rodata.gPWM_MOTORConfig</name>
         <load_address>0x1e00</load_address>
         <readonly>true</readonly>
         <run_address>0x1e00</run_address>
         <size>0x8</size>
         <alignment>0x4</alignment>
         <input_file_ref idref="fl-2"/>
      </object_component>
      <object_component id="oc-16e">
         <name>.rodata.gPWM_MOTORClockConfig</name>
         <load_address>0x1e08</load_address>
         <readonly>true</readonly>
         <run_address>0x1e08</run_address>
         <size>0x3</size>
         <alignment>0x1</alignment>
         <input_file_ref idref="fl-2"/>
      </object_component>
      <object_component id="oc-17c">
         <name>.rodata.gUART_K230ClockConfig</name>
         <load_address>0x1e0b</load_address>
         <readonly>true</readonly>
         <run_address>0x1e0b</run_address>
         <size>0x2</size>
         <alignment>0x1</alignment>
         <input_file_ref idref="fl-2"/>
      </object_component>
      <object_component id="oc-17a">
         <name>.rodata.gUART_WITClockConfig</name>
         <load_address>0x1e0d</load_address>
         <readonly>true</readonly>
         <run_address>0x1e0d</run_address>
         <size>0x2</size>
         <alignment>0x1</alignment>
         <input_file_ref idref="fl-2"/>
      </object_component>
      <object_component id="oc-1b5">
         <name>.binit</name>
         <load_address>0x0</load_address>
         <readonly>true</readonly>
         <run_address>0x0</run_address>
         <size>0x0</size>
         <alignment>0x4</alignment>
      </object_component>
      <object_component id="oc-b2">
         <name>.data.rxbuf</name>
         <load_address>0x20200170</load_address>
         <readwrite>true</readwrite>
         <run_address>0x20200170</run_address>
         <size>0x2</size>
         <alignment>0x2</alignment>
         <input_file_ref idref="fl-4"/>
      </object_component>
      <object_component id="oc-b3">
         <name>.data.K230_new_error</name>
         <load_address>0x20200168</load_address>
         <readwrite>true</readwrite>
         <run_address>0x20200168</run_address>
         <size>0x4</size>
         <alignment>0x4</alignment>
         <input_file_ref idref="fl-4"/>
      </object_component>
      <object_component id="oc-b1">
         <name>.data.UART2_IRQHandler.flag</name>
         <load_address>0x20200172</load_address>
         <readwrite>true</readwrite>
         <run_address>0x20200172</run_address>
         <size>0x1</size>
         <alignment>0x1</alignment>
         <input_file_ref idref="fl-4"/>
      </object_component>
      <object_component id="oc-a0">
         <name>.data.yaw_initial</name>
         <load_address>0x2020016c</load_address>
         <readwrite>true</readwrite>
         <run_address>0x2020016c</run_address>
         <size>0x4</size>
         <alignment>0x4</alignment>
         <input_file_ref idref="fl-7"/>
      </object_component>
      <object_component id="oc-124">
         <name>.common:gPWM_MOTORBackup</name>
         <uninitialized>true</uninitialized>
         <readwrite>true</readwrite>
         <run_address>0x20200000</run_address>
         <size>0xbc</size>
         <alignment>0x4</alignment>
      </object_component>
      <object_component id="oc-125">
         <name>.common:gUART_WITBackup</name>
         <uninitialized>true</uninitialized>
         <readwrite>true</readwrite>
         <run_address>0x202000bc</run_address>
         <size>0x30</size>
         <alignment>0x4</alignment>
      </object_component>
      <object_component id="oc-126">
         <name>.common:gSPI_OLEDBackup</name>
         <uninitialized>true</uninitialized>
         <readwrite>true</readwrite>
         <run_address>0x202000ec</run_address>
         <size>0x28</size>
         <alignment>0x4</alignment>
      </object_component>
      <object_component id="oc-6a">
         <name>.common:tick_ms</name>
         <uninitialized>true</uninitialized>
         <readwrite>true</readwrite>
         <run_address>0x20200164</run_address>
         <size>0x4</size>
         <alignment>0x4</alignment>
      </object_component>
      <object_component id="oc-9e">
         <name>.common:wit_dmaBuffer</name>
         <uninitialized>true</uninitialized>
         <readwrite>true</readwrite>
         <run_address>0x20200114</run_address>
         <size>0x21</size>
         <alignment>0x1</alignment>
      </object_component>
      <object_component id="oc-9f">
         <name>.common:wit_data</name>
         <uninitialized>true</uninitialized>
         <readwrite>true</readwrite>
         <run_address>0x20200138</run_address>
         <size>0x20</size>
         <alignment>0x4</alignment>
      </object_component>
      <object_component id="oc-70">
         <name>.common:gpio_interrup</name>
         <uninitialized>true</uninitialized>
         <readwrite>true</readwrite>
         <run_address>0x20200160</run_address>
         <size>0x4</size>
         <alignment>0x4</alignment>
      </object_component>
      <object_component id="oc-71">
         <name>.common:Get_Encoder_countA</name>
         <uninitialized>true</uninitialized>
         <readwrite>true</readwrite>
         <run_address>0x20200158</run_address>
         <size>0x4</size>
         <alignment>0x4</alignment>
      </object_component>
      <object_component id="oc-72">
         <name>.common:Get_Encoder_countB</name>
         <uninitialized>true</uninitialized>
         <readwrite>true</readwrite>
         <run_address>0x2020015c</run_address>
         <size>0x4</size>
         <alignment>0x4</alignment>
      </object_component>
      <object_component id="oc-1a">
         <name>.stack</name>
         <uninitialized>true</uninitialized>
         <readwrite>true</readwrite>
         <run_address>0x20207e00</run_address>
         <size>0x4</size>
         <alignment>0x4</alignment>
         <input_file_ref idref="fl-35"/>
      </object_component>
      <object_component id="oc-1f0">
         <name>.stack</name>
         <uninitialized>true</uninitialized>
         <readwrite>true</readwrite>
         <run_address>0x20207e00</run_address>
         <size>0x0</size>
         <alignment>0x8</alignment>
      </object_component>
      <object_component id="oc-f8">
         <name>.debug_abbrev</name>
         <load_address>0x0</load_address>
         <run_address>0x0</run_address>
         <size>0x14c</size>
         <alignment>0x1</alignment>
         <input_file_ref idref="fl-1"/>
      </object_component>
      <object_component id="oc-127">
         <name>.debug_abbrev</name>
         <load_address>0x14c</load_address>
         <run_address>0x14c</run_address>
         <size>0x1fc</size>
         <alignment>0x1</alignment>
         <input_file_ref idref="fl-2"/>
      </object_component>
      <object_component id="oc-48">
         <name>.debug_abbrev</name>
         <load_address>0x348</load_address>
         <run_address>0x348</run_address>
         <size>0x6d</size>
         <alignment>0x1</alignment>
         <input_file_ref idref="fl-3"/>
      </object_component>
      <object_component id="oc-b4">
         <name>.debug_abbrev</name>
         <load_address>0x3b5</load_address>
         <run_address>0x3b5</run_address>
         <size>0x173</size>
         <alignment>0x1</alignment>
         <input_file_ref idref="fl-4"/>
      </object_component>
      <object_component id="oc-6b">
         <name>.debug_abbrev</name>
         <load_address>0x528</load_address>
         <run_address>0x528</run_address>
         <size>0x186</size>
         <alignment>0x1</alignment>
         <input_file_ref idref="fl-5"/>
      </object_component>
      <object_component id="oc-a1">
         <name>.debug_abbrev</name>
         <load_address>0x6ae</load_address>
         <run_address>0x6ae</run_address>
         <size>0x18b</size>
         <alignment>0x1</alignment>
         <input_file_ref idref="fl-7"/>
      </object_component>
      <object_component id="oc-73">
         <name>.debug_abbrev</name>
         <load_address>0x839</load_address>
         <run_address>0x839</run_address>
         <size>0x10b</size>
         <alignment>0x1</alignment>
         <input_file_ref idref="fl-8"/>
      </object_component>
      <object_component id="oc-e0">
         <name>.debug_abbrev</name>
         <load_address>0x944</load_address>
         <run_address>0x944</run_address>
         <size>0x136</size>
         <alignment>0x1</alignment>
         <input_file_ref idref="fl-9"/>
      </object_component>
      <object_component id="oc-19a">
         <name>.debug_abbrev</name>
         <load_address>0xa7a</load_address>
         <run_address>0xa7a</run_address>
         <size>0x62</size>
         <alignment>0x1</alignment>
         <input_file_ref idref="fl-19"/>
      </object_component>
      <object_component id="oc-1a9">
         <name>.debug_abbrev</name>
         <load_address>0xadc</load_address>
         <run_address>0xadc</run_address>
         <size>0x180</size>
         <alignment>0x1</alignment>
         <input_file_ref idref="fl-1a"/>
      </object_component>
      <object_component id="oc-1a2">
         <name>.debug_abbrev</name>
         <load_address>0xc5c</load_address>
         <run_address>0xc5c</run_address>
         <size>0x277</size>
         <alignment>0x1</alignment>
         <input_file_ref idref="fl-1b"/>
      </object_component>
      <object_component id="oc-1a0">
         <name>.debug_abbrev</name>
         <load_address>0xed3</load_address>
         <run_address>0xed3</run_address>
         <size>0x286</size>
         <alignment>0x1</alignment>
         <input_file_ref idref="fl-1c"/>
      </object_component>
      <object_component id="oc-dd">
         <name>.debug_abbrev</name>
         <load_address>0x1159</load_address>
         <run_address>0x1159</run_address>
         <size>0x29b</size>
         <alignment>0x1</alignment>
         <input_file_ref idref="fl-1d"/>
      </object_component>
      <object_component id="oc-19e">
         <name>.debug_abbrev</name>
         <load_address>0x13f4</load_address>
         <run_address>0x13f4</run_address>
         <size>0x218</size>
         <alignment>0x1</alignment>
         <input_file_ref idref="fl-1e"/>
      </object_component>
      <object_component id="oc-4a">
         <name>.debug_abbrev</name>
         <load_address>0x160c</load_address>
         <run_address>0x160c</run_address>
         <size>0xaf</size>
         <alignment>0x1</alignment>
         <input_file_ref idref="fl-35"/>
      </object_component>
      <object_component id="oc-135">
         <name>.debug_abbrev</name>
         <load_address>0x16bb</load_address>
         <run_address>0x16bb</run_address>
         <size>0x170</size>
         <alignment>0x1</alignment>
         <input_file_ref idref="fl-37"/>
      </object_component>
      <object_component id="oc-ec">
         <name>.debug_abbrev</name>
         <load_address>0x182b</load_address>
         <run_address>0x182b</run_address>
         <size>0x39</size>
         <alignment>0x1</alignment>
         <input_file_ref idref="fl-38"/>
      </object_component>
      <object_component id="oc-b8">
         <name>.debug_abbrev</name>
         <load_address>0x1864</load_address>
         <run_address>0x1864</run_address>
         <size>0xc2</size>
         <alignment>0x1</alignment>
         <input_file_ref idref="fl-3a"/>
      </object_component>
      <object_component id="oc-57">
         <name>.debug_abbrev</name>
         <load_address>0x1926</load_address>
         <run_address>0x1926</run_address>
         <size>0x70</size>
         <alignment>0x1</alignment>
         <input_file_ref idref="fl-3b"/>
      </object_component>
      <object_component id="oc-4f">
         <name>.debug_abbrev</name>
         <load_address>0x1996</load_address>
         <run_address>0x1996</run_address>
         <size>0x8d</size>
         <alignment>0x1</alignment>
         <input_file_ref idref="fl-3c"/>
      </object_component>
      <object_component id="oc-12f">
         <name>.debug_abbrev</name>
         <load_address>0x1a23</load_address>
         <run_address>0x1a23</run_address>
         <size>0x98</size>
         <alignment>0x1</alignment>
         <input_file_ref idref="fl-3d"/>
      </object_component>
      <object_component id="oc-18f">
         <name>.debug_abbrev</name>
         <load_address>0x1abb</load_address>
         <run_address>0x1abb</run_address>
         <size>0x2c</size>
         <alignment>0x1</alignment>
         <input_file_ref idref="fl-df"/>
      </object_component>
      <object_component id="oc-dc">
         <name>.debug_abbrev</name>
         <load_address>0x1ae7</load_address>
         <run_address>0x1ae7</run_address>
         <size>0x27</size>
         <alignment>0x1</alignment>
         <input_file_ref idref="fl-e1"/>
      </object_component>
      <object_component id="oc-da">
         <name>.debug_abbrev</name>
         <load_address>0x1b0e</load_address>
         <run_address>0x1b0e</run_address>
         <size>0x27</size>
         <alignment>0x1</alignment>
         <input_file_ref idref="fl-e2"/>
      </object_component>
      <object_component id="oc-113">
         <name>.debug_abbrev</name>
         <load_address>0x1b35</load_address>
         <run_address>0x1b35</run_address>
         <size>0x27</size>
         <alignment>0x1</alignment>
         <input_file_ref idref="fl-e3"/>
      </object_component>
      <object_component id="oc-d3">
         <name>.debug_abbrev</name>
         <load_address>0x1b5c</load_address>
         <run_address>0x1b5c</run_address>
         <size>0x27</size>
         <alignment>0x1</alignment>
         <input_file_ref idref="fl-e5"/>
      </object_component>
      <object_component id="oc-db">
         <name>.debug_abbrev</name>
         <load_address>0x1b83</load_address>
         <run_address>0x1b83</run_address>
         <size>0x27</size>
         <alignment>0x1</alignment>
         <input_file_ref idref="fl-e6"/>
      </object_component>
      <object_component id="oc-d4">
         <name>.debug_abbrev</name>
         <load_address>0x1baa</load_address>
         <run_address>0x1baa</run_address>
         <size>0x27</size>
         <alignment>0x1</alignment>
         <input_file_ref idref="fl-e7"/>
      </object_component>
      <object_component id="oc-d2">
         <name>.debug_abbrev</name>
         <load_address>0x1bd1</load_address>
         <run_address>0x1bd1</run_address>
         <size>0x27</size>
         <alignment>0x1</alignment>
         <input_file_ref idref="fl-ea"/>
      </object_component>
      <object_component id="oc-e3">
         <name>.debug_abbrev</name>
         <load_address>0x1bf8</load_address>
         <run_address>0x1bf8</run_address>
         <size>0x27</size>
         <alignment>0x1</alignment>
[...]
         <value>0x20200000</value>
      </symbol>
      <symbol id="sm-5">
         <name>__TI_CINIT_Base</name>
         <value>0x1e2c</value>
      </symbol>
      <symbol id="sm-6">
         <name>__TI_CINIT_Limit</name>
         <value>0x1e3c</value>
      </symbol>
      <symbol id="sm-7">
         <name>__TI_CINIT_Warm</name>
         <value>0x1e3c</value>
      </symbol>
      <symbol id="sm-8">
         <name>__TI_Handler_Table_Base</name>
         <value>0x1e10</value>
      </symbol>
      <symbol id="sm-9">
         <name>__TI_Handler_Table_Limit</name>
         <value>0x1e1c</value>
      </symbol>
      <symbol id="sm-a">
         <name>binit</name>
         <value>0xffffffff</value>
      </symbol>
      <symbol id="sm-b">
         <name>__binit__</name>
         <value>0xffffffff</value>
      </symbol>
      <symbol id="sm-c">
         <name>__STACK_SIZE</name>
         <value>0x200</value>
      </symbol>
      <symbol id="sm-d">
         <name>__STACK_END</name>
         <value>0x20208000</value>
      </symbol>
      <symbol id="sm-e">
         <name>__TI_pprof_out_hndl</name>
         <value>0xffffffff</value>
      </symbol>
      <symbol id="sm-f">
         <name>__TI_prof_data_start</name>
         <value>0xffffffff</value>
      </symbol>
      <symbol id="sm-10">
         <name>__TI_prof_data_size</name>
         <value>0xffffffff</value>
      </symbol>
      <symbol id="sm-4b">
         <name>main</name>
         <value>0x12e5</value>
         <object_component_ref idref="oc-c3"/>
      </symbol>
      <symbol id="sm-12e">
         <name>SYSCFG_DL_init</name>
         <value>0x129d</value>
         <object_component_ref idref="oc-ee"/>
      </symbol>
      <symbol id="sm-12f">
         <name>SYSCFG_DL_initPower</name>
         <value>0xe15</value>
         <object_component_ref idref="oc-11b"/>
      </symbol>
      <symbol id="sm-130">
         <name>SYSCFG_DL_GPIO_init</name>
         <value>0x44d</value>
         <object_component_ref idref="oc-11c"/>
      </symbol>
      <symbol id="sm-131">
         <name>SYSCFG_DL_SYSCTL_init</name>
         <value>0x1431</value>
         <object_component_ref idref="oc-11d"/>
      </symbol>
      <symbol id="sm-132">
         <name>SYSCFG_DL_PWM_MOTOR_init</name>
         <value>0xd01</value>
         <object_component_ref idref="oc-11e"/>
      </symbol>
      <symbol id="sm-133">
         <name>SYSCFG_DL_UART_WIT_init</name>
         <value>0xf85</value>
         <object_component_ref idref="oc-11f"/>
      </symbol>
      <symbol id="sm-134">
         <name>SYSCFG_DL_UART_K230_init</name>
         <value>0x1175</value>
         <object_component_ref idref="oc-120"/>
      </symbol>
      <symbol id="sm-135">
         <name>SYSCFG_DL_SPI_OLED_init</name>
         <value>0x1129</value>
         <object_component_ref idref="oc-121"/>
      </symbol>
      <symbol id="sm-136">
         <name>SYSCFG_DL_DMA_init</name>
         <value>0x1d71</value>
         <object_component_ref idref="oc-122"/>
      </symbol>
      <symbol id="sm-137">
         <name>SYSCFG_DL_SYSTICK_init</name>
         <value>0x1d59</value>
         <object_component_ref idref="oc-123"/>
      </symbol>
      <symbol id="sm-138">
         <name>gPWM_MOTORBackup</name>
         <value>0x20200000</value>
      </symbol>
      <symbol id="sm-139">
         <name>gUART_WITBackup</name>
         <value>0x202000bc</value>
      </symbol>
      <symbol id="sm-13a">
         <name>gSPI_OLEDBackup</name>
         <value>0x202000ec</value>
      </symbol>
      <symbol id="sm-13b">
         <name>SYSCFG_DL_DMA_WIT_init</name>
         <value>0x1b81</value>
         <object_component_ref idref="oc-18c"/>
      </symbol>
      <symbol id="sm-146">
         <name>Default_Handler</name>
         <value>0xf0d</value>
         <object_component_ref idref="oc-33"/>
      </symbol>
      <symbol id="sm-147">
         <name>Reset_Handler</name>
         <value>0x1d8b</value>
         <object_component_ref idref="oc-2f"/>
      </symbol>
      <symbol id="sm-148">
         <name>interruptVectors</name>
         <value>0x0</value>
         <object_component_ref idref="oc-18"/>
      </symbol>
      <symbol id="sm-149">
         <name>NMI_Handler</name>
         <value>0xf0d</value>
         <object_component_ref idref="oc-33"/>
      </symbol>
      <symbol id="sm-14a">
         <name>HardFault_Handler</name>
         <value>0xf0d</value>
         <object_component_ref idref="oc-33"/>
      </symbol>
      <symbol id="sm-14b">
         <name>SVC_Handler</name>
         <value>0xf0d</value>
         <object_component_ref idref="oc-33"/>
      </symbol>
      <symbol id="sm-14c">
         <name>PendSV_Handler</name>
         <value>0xf0d</value>
         <object_component_ref idref="oc-33"/>
      </symbol>
      <symbol id="sm-14d">
         <name>GROUP0_IRQHandler</name>
         <value>0xf0d</value>
         <object_component_ref idref="oc-33"/>
      </symbol>
      <symbol id="sm-14e">
         <name>TIMG8_IRQHandler</name>
         <value>0xf0d</value>
         <object_component_ref idref="oc-33"/>
      </symbol>
      <symbol id="sm-14f">
         <name>ADC0_IRQHandler</name>
         <value>0xf0d</value>
         <object_component_ref idref="oc-33"/>
      </symbol>
      <symbol id="sm-150">
         <name>ADC1_IRQHandler</name>
         <value>0xf0d</value>
         <object_component_ref idref="oc-33"/>
      </symbol>
      <symbol id="sm-151">
         <name>CANFD0_IRQHandler</name>
         <value>0xf0d</value>
         <object_component_ref idref="oc-33"/>
      </symbol>
      <symbol id="sm-152">
         <name>DAC0_IRQHandler</name>
         <value>0xf0d</value>
         <object_component_ref idref="oc-33"/>
      </symbol>
      <symbol id="sm-153">
         <name>SPI0_IRQHandler</name>
         <value>0xf0d</value>
         <object_component_ref idref="oc-33"/>
      </symbol>
      <symbol id="sm-154">
         <name>SPI1_IRQHandler</name>
         <value>0xf0d</value>
         <object_component_ref idref="oc-33"/>
      </symbol>
      <symbol id="sm-155">
         <name>UART1_IRQHandler</name>
         <value>0xf0d</value>
         <object_component_ref idref="oc-33"/>
      </symbol>
      <symbol id="sm-156">
         <name>UART0_IRQHandler</name>
         <value>0xf0d</value>
         <object_component_ref idref="oc-33"/>
      </symbol>
      <symbol id="sm-157">
         <name>TIMG0_IRQHandler</name>
         <value>0xf0d</value>
         <object_component_ref idref="oc-33"/>
      </symbol>
      <symbol id="sm-158">
         <name>TIMG6_IRQHandler</name>
         <value>0xf0d</value>
         <object_component_ref idref="oc-33"/>
      </symbol>
      <symbol id="sm-159">
         <name>TIMA0_IRQHandler</name>
         <value>0xf0d</value>
         <object_component_ref idref="oc-33"/>
      </symbol>
      <symbol id="sm-15a">
         <name>TIMA1_IRQHandler</name>
         <value>0xf0d</value>
         <object_component_ref idref="oc-33"/>
      </symbol>
      <symbol id="sm-15b">
         <name>TIMG7_IRQHandler</name>
         <value>0xf0d</value>
         <object_component_ref idref="oc-33"/>
      </symbol>
      <symbol id="sm-15c">
         <name>TIMG12_IRQHandler</name>
         <value>0xf0d</value>
         <object_component_ref idref="oc-33"/>
      </symbol>
      <symbol id="sm-15d">
         <name>I2C0_IRQHandler</name>
         <value>0xf0d</value>
         <object_component_ref idref="oc-33"/>
      </symbol>
      <symbol id="sm-15e">
         <name>I2C1_IRQHandler</name>
         <value>0xf0d</value>
         <object_component_ref idref="oc-33"/>
      </symbol>
      <symbol id="sm-15f">
         <name>AES_IRQHandler</name>
         <value>0xf0d</value>
         <object_component_ref idref="oc-33"/>
      </symbol>
      <symbol id="sm-160">
         <name>RTC_IRQHandler</name>
         <value>0xf0d</value>
         <object_component_ref idref="oc-33"/>
      </symbol>
      <symbol id="sm-161">
         <name>DMA_IRQHandler</name>
         <value>0xf0d</value>
         <object_component_ref idref="oc-33"/>
      </symbol>
      <symbol id="sm-17b">
         <name>UART2_IRQHandler</name>
         <value>0xc4d</value>
         <object_component_ref idref="oc-43"/>
      </symbol>
      <symbol id="sm-17c">
         <name>rxbuf</name>
         <value>0x20200170</value>
         <object_component_ref idref="oc-b2"/>
      </symbol>
      <symbol id="sm-17d">
         <name>K230_new_error</name>
         <value>0x20200168</value>
         <object_component_ref idref="oc-b3"/>
      </symbol>
      <symbol id="sm-192">
         <name>SysTick_Init</name>
         <value>0x1b99</value>
         <object_component_ref idref="oc-f3"/>
      </symbol>
      <symbol id="sm-193">
         <name>SysTick_Handler</name>
         <value>0x1d49</value>
         <object_component_ref idref="oc-34"/>
      </symbol>
      <symbol id="sm-194">
         <name>tick_ms</name>
         <value>0x20200164</value>
      </symbol>
      <symbol id="sm-1b9">
         <name>wit_dmaBuffer</name>
         <value>0x20200114</value>
      </symbol>
      <symbol id="sm-1ba">
         <name>wit_data</name>
         <value>0x20200138</value>
      </symbol>
      <symbol id="sm-1bb">
         <name>yaw_initial</name>
         <value>0x2020016c</value>
         <object_component_ref idref="oc-a0"/>
      </symbol>
      <symbol id="sm-1bc">
         <name>UART3_IRQHandler</name>
         <value>0xc1</value>
         <object_component_ref idref="oc-3e"/>
      </symbol>
      <symbol id="sm-1d1">
         <name>GROUP1_IRQHandler</name>
         <value>0x995</value>
         <object_component_ref idref="oc-39"/>
      </symbol>
      <symbol id="sm-1d2">
         <name>gpio_interrup</name>
         <value>0x20200160</value>
      </symbol>
      <symbol id="sm-1d3">
         <name>Get_Encoder_countA</name>
         <value>0x20200158</value>
      </symbol>
      <symbol id="sm-1d4">
         <name>Get_Encoder_countB</name>
         <value>0x2020015c</value>
      </symbol>
      <symbol id="sm-1e8">
         <name>Motor_On</name>
         <value>0x1ca9</value>
         <object_component_ref idref="oc-a3"/>
      </symbol>
      <symbol id="sm-1e9">
         <name>Motor_Off</name>
         <value>0x1255</value>
         <object_component_ref idref="oc-ab"/>
      </symbol>
      <symbol id="sm-1eb">
         <name>__TI_ATRegion0_src_addr</name>
         <value>0x0</value>
      </symbol>
      <symbol id="sm-1ec">
         <name>__TI_ATRegion0_trg_addr</name>
         <value>0x0</value>
      </symbol>
      <symbol id="sm-1ed">
         <name>__TI_ATRegion0_region_sz</name>
         <value>0x0</value>
      </symbol>
      <symbol id="sm-1ee">
         <name>__TI_ATRegion1_src_addr</name>
         <value>0x0</value>
      </symbol>
      <symbol id="sm-1ef">
         <name>__TI_ATRegion1_trg_addr</name>
         <value>0x0</value>
      </symbol>
      <symbol id="sm-1f0">
         <name>__TI_ATRegion1_region_sz</name>
         <value>0x0</value>
      </symbol>
      <symbol id="sm-1f1">
         <name>__TI_ATRegion2_src_addr</name>
         <value>0x0</value>
      </symbol>
      <symbol id="sm-1f2">
         <name>__TI_ATRegion2_trg_addr</name>
         <value>0x0</value>
      </symbol>
      <symbol id="sm-1f3">
         <name>__TI_ATRegion2_region_sz</name>
         <value>0x0</value>
      </symbol>
      <symbol id="sm-1fc">
         <name>DL_Common_delayCycles</name>
         <value>0x1d67</value>
         <object_component_ref idref="oc-144"/>
      </symbol>
      <symbol id="sm-206">
         <name>DL_DMA_initChannel</name>
         <value>0x1091</value>
         <object_component_ref idref="oc-1a4"/>
      </symbol>
      <symbol id="sm-213">
         <name>DL_SPI_init</name>
         <value>0x132d</value>
         <object_component_ref idref="oc-184"/>
      </symbol>
      <symbol id="sm-214">
         <name>DL_SPI_setClockConfig</name>
         <value>0x1cbd</value>
         <object_component_ref idref="oc-17e"/>
      </symbol>
      <symbol id="sm-22b">
         <name>DL_Timer_setClockConfig</name>
         <value>0x1939</value>
         <object_component_ref idref="oc-161"/>
      </symbol>
      <symbol id="sm-22c">
         <name>DL_Timer_setCaptureCompareValue</name>
         <value>0x1d39</value>
         <object_component_ref idref="oc-16b"/>
      </symbol>
      <symbol id="sm-22d">
         <name>DL_Timer_setCaptCompUpdateMethod</name>
         <value>0x191d</value>
         <object_component_ref idref="oc-16a"/>
      </symbol>
      <symbol id="sm-22e">
         <name>DL_Timer_setCaptureCompareOutCtl</name>
         <value>0x1ad9</value>
         <object_component_ref idref="oc-169"/>
      </symbol>
      <symbol id="sm-22f">
         <name>DL_Timer_initFourCCPWMMode</name>
         <value>0x891</value>
         <object_component_ref idref="oc-167"/>
      </symbol>
      <symbol id="sm-23f">
         <name>DL_UART_init</name>
         <value>0x120d</value>
         <object_component_ref idref="oc-171"/>
      </symbol>
      <symbol id="sm-240">
         <name>DL_UART_setClockConfig</name>
         <value>0x1ce1</value>
         <object_component_ref idref="oc-170"/>
      </symbol>
      <symbol id="sm-241">
         <name>DL_UART_drainRXFIFO</name>
         <value>0xfed</value>
         <object_component_ref idref="oc-95"/>
      </symbol>
      <symbol id="sm-24f">
         <name>DL_SYSCTL_configSYSPLL</name>
         <value>0xb71</value>
         <object_component_ref idref="oc-158"/>
      </symbol>
      <symbol id="sm-250">
         <name>DL_SYSCTL_switchMCLKfromSYSOSCtoHSCLK</name>
         <value>0x1371</value>
         <object_component_ref idref="oc-15f"/>
      </symbol>
      <symbol id="sm-25b">
         <name>_c_int00_noargs</name>
         <value>0x16d9</value>
         <object_component_ref idref="oc-63"/>
      </symbol>
      <symbol id="sm-25c">
         <name>__stack</name>
         <value>0x20207e00</value>
         <object_component_ref idref="oc-1a"/>
      </symbol>
      <symbol id="sm-268">
         <name>__TI_auto_init_nobinit_nopinit</name>
         <value>0x14a9</value>
         <object_component_ref idref="oc-101"/>
      </symbol>
      <symbol id="sm-270">
         <name>_system_pre_init</name>
         <value>0x1d8f</value>
         <object_component_ref idref="oc-bf"/>
      </symbol>
      <symbol id="sm-27b">
         <name>__TI_zero_init_nomemset</name>
         <value>0x1bf3</value>
         <object_component_ref idref="oc-5a"/>
      </symbol>
      <symbol id="sm-284">
         <name>__TI_decompress_none</name>
         <value>0x1d05</value>
         <object_component_ref idref="oc-20"/>
      </symbol>
      <symbol id="sm-28f">
         <name>__TI_decompress_lzss</name>
         <value>0xe91</value>
         <object_component_ref idref="oc-1c"/>
      </symbol>
      <symbol id="sm-299">
         <name>abort</name>
         <value>0x1d81</value>
         <object_component_ref idref="oc-fa"/>
      </symbol>
      <symbol id="sm-2a3">
         <name>HOSTexit</name>
         <value>0x1d87</value>
         <object_component_ref idref="oc-12b"/>
      </symbol>
      <symbol id="sm-2a4">
         <name>C$$EXIT</name>
         <value>0x1d86</value>
         <object_component_ref idref="oc-12b"/>
      </symbol>
      <symbol id="sm-2aa">
         <name>__aeabi_dadd</name>
         <value>0x5fb</value>
         <object_component_ref idref="oc-91"/>
      </symbol>
      <symbol id="sm-2ab">
         <name>__adddf3</name>
         <value>0x5fb</value>
         <object_component_ref idref="oc-91"/>
      </symbol>
      <symbol id="sm-2ac">
         <name>__aeabi_dsub</name>
         <value>0x5f1</value>
         <object_component_ref idref="oc-91"/>
      </symbol>
      <symbol id="sm-2ad">
         <name>__subdf3</name>
         <value>0x5f1</value>
         <object_component_ref idref="oc-91"/>
      </symbol>
      <symbol id="sm-2b3">
         <name>__aeabi_dmul</name>
         <value>0xa8d</value>
         <object_component_ref idref="oc-89"/>
      </symbol>
      <symbol id="sm-2b4">
         <name>__muldf3</name>
         <value>0xa8d</value>
         <object_component_ref idref="oc-89"/>
      </symbol>
      <symbol id="sm-2ba">
         <name>__muldsi3</name>
         <value>0x14e5</value>
         <object_component_ref idref="oc-d6"/>
      </symbol>
      <symbol id="sm-2c0">
         <name>__aeabi_ddiv</name>
         <value>0x785</value>
         <object_component_ref idref="oc-7d"/>
      </symbol>
      <symbol id="sm-2c1">
         <name>__divdf3</name>
         <value>0x785</value>
         <object_component_ref idref="oc-7d"/>
      </symbol>
      <symbol id="sm-2c7">
         <name>__aeabi_f2d</name>
         <value>0x13b5</value>
         <object_component_ref idref="oc-8d"/>
      </symbol>
      <symbol id="sm-2c8">
         <name>__extendsfdf2</name>
         <value>0x13b5</value>
         <object_component_ref idref="oc-8d"/>
      </symbol>
      <symbol id="sm-2ce">
         <name>__aeabi_d2iz</name>
         <value>0x11c1</value>
         <object_component_ref idref="oc-81"/>
      </symbol>
      <symbol id="sm-2cf">
         <name>__fixdfsi</name>
         <value>0x11c1</value>
         <object_component_ref idref="oc-81"/>
      </symbol>
      <symbol id="sm-2d5">
         <name>__aeabi_i2d</name>
         <value>0x160d</value>
         <object_component_ref idref="oc-79"/>
      </symbol>
      <symbol id="sm-2d6">
         <name>__floatsidf</name>
         <value>0x160d</value>
         <object_component_ref idref="oc-79"/>
      </symbol>
      <symbol id="sm-2dc">
         <name>__aeabi_i2f</name>
         <value>0x146d</value>
         <object_component_ref idref="oc-ad"/>
      </symbol>
      <symbol id="sm-2dd">
         <name>__floatsisf</name>
         <value>0x146d</value>
         <object_component_ref idref="oc-ad"/>
      </symbol>
      <symbol id="sm-2e4">
         <name>__aeabi_d2f</name>
         <value>0xf11</value>
         <object_component_ref idref="oc-85"/>
      </symbol>
      <symbol id="sm-2e5">
         <name>__truncdfsf2</name>
         <value>0xf11</value>
         <object_component_ref idref="oc-85"/>
      </symbol>
      <symbol id="sm-2eb">
         <name>__aeabi_memcpy</name>
         <value>0x1d79</value>
         <object_component_ref idref="oc-53"/>
      </symbol>
      <symbol id="sm-2ec">
         <name>__aeabi_memcpy4</name>
         <value>0x1d79</value>
         <object_component_ref idref="oc-53"/>
      </symbol>
      <symbol id="sm-2ed">
         <name>__aeabi_memcpy8</name>
         <value>0x1d79</value>
         <object_component_ref idref="oc-53"/>
      </symbol>
      <symbol id="sm-2f7">
         <name>TI_memcpy_small</name>
         <value>0x1cf3</value>
         <object_component_ref idref="oc-e4"/>
      </symbol>
      <symbol id="sm-2f8">
         <name>__TI_static_base__</name>
         <value>0x0</value>
      </symbol>
      <symbol id="sm-2fb">
         <name>__mpu_init</name>
         <value>0x0</value>
      </symbol>
      <symbol id="sm-2fc">
         <name>_system_post_cinit</name>
         <value>0x0</value>
      </symbol>
   </symbol_table>
   <title>Link successful</title>
</link_info>
