******************************************************************************
            TI ARM Clang Linker PC v4.0.3                      
******************************************************************************
>> Linked Fri Jul 18 19:40:19 2025

OUTPUT FILE NAME:   <wit-oled-hardware-spi.out>
ENTRY POINT SYMBOL: "_c_int00_noargs"  address: 000045e9


MEMORY CONFIGURATION

         name            origin    length      used     unused   attr    fill
----------------------  --------  ---------  --------  --------  ----  --------
  FLASH                 00000000   00020000  00005988  0001a678  R  X
  SRAM                  20200000   00008000  00000f5d  000070a3  RW X
  BCR_CONFIG            41c00000   000000ff  00000000  000000ff  R   
  BSL_CONFIG            41c00100   00000080  00000000  00000080  R   


SEGMENT ALLOCATION MAP

run origin  load origin   length   init length attrs members
----------  ----------- ---------- ----------- ----- -------
00000000    00000000    00005988   00005988    r-x
  00000000    00000000    000000c0   000000c0    r-- .intvecs
  000000c0    000000c0    00004e70   00004e70    r-x .text
  00004f30    00004f30    000009c0   000009c0    r-- .rodata
  000058f0    000058f0    00000098   00000098    r-- .cinit
20200000    20200000    00000d5d   00000000    rw-
  20200000    20200000    00000800   00000000    rw- .sysmem
  20200800    20200800    00000360   00000000    rw- .bss
  20200b60    20200b60    000001fd   00000000    rw- .data
20207e00    20207e00    00000200   00000000    rw-
  20207e00    20207e00    00000200   00000000    rw- .stack


SECTION ALLOCATION MAP

 output                                  attributes/
section   page    origin      length       input sections
--------  ----  ----------  ----------   ----------------
.intvecs   0    00000000    000000c0     
                  00000000    000000c0     startup_mspm0g350x_ticlang.o (.intvecs)

.text      0    000000c0    00004e70     
                  000000c0    000009d0     libc.a : _printfi.c.obj (.text:__TI_printfi)
                  00000a90    00000368     interrupt.o (.text.UART3_IRQHandler)
                  00000df8    000002e0     RED_Light.o (.text.track2_scan)
                  000010d8    00000220     libc.a : _printfi.c.obj (.text._pconv_a)
                  000012f8    000001dc            : _printfi.c.obj (.text._pconv_g)
                  000014d4    000001a4     main.o (.text.main)
                  00001678    00000192     libclang_rt.builtins.a : adddf3.S.obj (.text.adddf3_subdf3)
                  0000180a    00000002                            : aeabi_div0.c.obj (.text.__aeabi_idiv0)
                  0000180c    00000184     ti_msp_dl_config.o (.text.SYSCFG_DL_GPIO_init)
                  00001990    0000013c     libc.a : _printfi.c.obj (.text.fcvt)
                  00001acc    00000120            : _printfi.c.obj (.text._pconv_e)
                  00001bec    00000118     oled_hardware_spi.o (.text.OLED_ShowChar)
                  00001d04    00000114     oled_hardware_spi.o (.text.OLED_Init)
                  00001e18    00000114     libc.a : memory.c.obj (.text.aligned_alloc)
                  00001f2c    00000110     RED_Light.o (.text.motorsWrite)
                  0000203c    0000010c     libclang_rt.builtins.a : divdf3.S.obj (.text.__divdf3)
                  00002148    00000104     driverlib.a : dl_timer.o (.text.DL_Timer_initFourCCPWMMode)
                  0000224c    000000f8     libc.a : fputs.c.obj (.text.fputs)
                  00002344    000000f4     interrupt.o (.text.GROUP1_IRQHandler)
                  00002438    000000e8     libc.a : memory.c.obj (.text.free)
                  00002520    000000e4     libclang_rt.builtins.a : muldf3.S.obj (.text.__muldf3)
                  00002604    000000e0     libc.a : setvbuf.c.obj (.text.setvbuf)
                  000026e4    000000dc     driverlib.a : dl_sysctl_mspm0g1x0x_g3x0x.o (.text.DL_SYSCTL_configSYSPLL)
                  000027c0    000000d8     libc.a : s_scalbn.c.obj (.text.scalbn)
                  00002898    000000d8     libclang_rt.builtins.a : addsf3.S.obj (.text)
                  00002970    000000b4     RED_Light.o (.text.track_pid)
                  00002a24    000000ac     RED_Light.o (.text.track2_control)
                  00002ad0    000000a2     libclang_rt.builtins.a : udivmoddi4.S.obj (.text)
                  00002b72    00000002                            : aeabi_div0.c.obj (.text.__aeabi_ldiv0)
                  00002b74    0000009c     libc.a : fputc.c.obj (.text.fputc)
                  00002c10    00000090     ti_msp_dl_config.o (.text.SYSCFG_DL_PWM_MOTOR_init)
                  00002ca0    0000008c     libclang_rt.builtins.a : mulsf3.S.obj (.text.__mulsf3)
                  00002d2c    00000088     main.o (.text.UART0_IRQHandler)
                  00002db4    0000000c     libclang_rt.builtins.a : aeabi_memset.S.obj (.text.__aeabi_memclr)
                  00002dc0    00000088     libc.a : strcmp-armv6m.S.obj (.text:strcmp)
                  00002e48    00000084     clock.o (.text.__NVIC_SetPriority)
                  00002ecc    0000007c     ti_msp_dl_config.o (.text.SYSCFG_DL_initPower)
                  00002f48    0000007c     libc.a : fclose.c.obj (.text.__TI_closefile)
                  00002fc4    0000007c     RED_Light.o (.text.track_Set_PWM)
                  00003040    0000007c     libc.a : copy_decompress_lzss.c.obj (.text:decompress:lzss)
                  000030bc    00000074     libclang_rt.builtins.a : comparedf2.c.obj (.text.__gedf2)
                  00003130    00000074                            : truncdfsf2.S.obj (.text.__truncdfsf2)
                  000031a4    00000070     oled_hardware_spi.o (.text.OLED_ShowString)
                  00003214    0000006c     libsysbm.a : hostlseek.c.obj (.text.HOSTlseek)
                  00003280    0000006c                : hostrename.c.obj (.text.HOSTrename)
                  000032ec    0000006c     libc.a : fseek.c.obj (.text.fseeko)
                  00003358    0000006c            : getdevice.c.obj (.text.getdevice)
                  000033c4    0000006a     oled_hardware_spi.o (.text.OLED_Clear)
                  0000342e    00000002     libc.a : _lock.c.obj (.text._nop)
                  00003430    00000068     ti_msp_dl_config.o (.text.SYSCFG_DL_UART_WIT_init)
                  00003498    00000068     libclang_rt.builtins.a : comparedf2.c.obj (.text.__ledf2)
                  00003500    00000066     libc.a : _printfi.c.obj (.text._mcpy)
                  00003566    00000064            : _io_perm.c.obj (.text.__TI_wrt_ok)
                  000035ca    00000002     --HOLE-- [fill = 0]
                  000035cc    00000064            : memory.c.obj (.text.split)
                  00003630    00000062     libclang_rt.builtins.a : aeabi_dcmp.S.obj (.text.__aeabi_dcmp)
                  00003692    00000002     --HOLE-- [fill = 0]
                  00003694    00000060     libsysbm.a : hostopen.c.obj (.text.HOSTopen)
                  000036f4    0000005c     libc.a : s_frexp.c.obj (.text.frexp)
                  00003750    0000005c            : printf.c.obj (.text.printf)
                  000037ac    00000058     libsysbm.a : hostread.c.obj (.text.HOSTread)
                  00003804    00000058                : hostwrite.c.obj (.text.HOSTwrite)
                  0000385c    00000058     libc.a : _ltoa.c.obj (.text.__TI_ltoa)
                  000038b4    00000058            : _printfi.c.obj (.text._pconv_f)
                  0000390c    00000056     libclang_rt.builtins.a : aeabi_idivmod.S.obj (.text.__aeabi_idivmod)
                  00003962    00000002     --HOLE-- [fill = 0]
                  00003964    00000054     driverlib.a : dl_uart.o (.text.DL_UART_drainRXFIFO)
                  000039b8    00000052     libc.a : fflush.c.obj (.text.__TI_doflush)
                  00003a0a    00000052            : _printfi.c.obj (.text._ecpy)
                  00003a5c    00000050     clock.o (.text.SysTick_Config)
                  00003aac    00000050     libsysbm.a : close.c.obj (.text.close)
                  00003afc    0000004c     driverlib.a : dl_dma.o (.text.DL_DMA_initChannel)
                  00003b48    0000004c     ti_msp_dl_config.o (.text.DL_UART_setBaudRateDivisor)
                  00003b94    0000004c     oled_hardware_spi.o (.text.OLED_WR_Byte)
                  00003be0    0000004c     ti_msp_dl_config.o (.text.SYSCFG_DL_SPI_OLED_init)
                  00003c2c    0000004c     ti_msp_dl_config.o (.text.SYSCFG_DL_UART_K230_init)
                  00003c78    0000004a     libclang_rt.builtins.a : fixdfsi.S.obj (.text.__fixdfsi)
                  00003cc2    00000002     --HOLE-- [fill = 0]
                  00003cc4    00000048     driverlib.a : dl_uart.o (.text.DL_UART_init)
                  00003d0c    00000048     libsysbm.a : hostclose.c.obj (.text.HOSTclose)
                  00003d54    00000048                : hostunlink.c.obj (.text.HOSTunlink)
                  00003d9c    00000048     motor.o (.text.Motor_Off)
                  00003de4    00000048     ti_msp_dl_config.o (.text.SYSCFG_DL_init)
                  00003e2c    00000044     driverlib.a : dl_spi.o (.text.DL_SPI_init)
                  00003e70    00000044                 : dl_sysctl_mspm0g1x0x_g3x0x.o (.text.DL_SYSCTL_switchMCLKfromSYSOSCtoHSCLK)
                  00003eb4    00000044     wit.o (.text.WIT_Init)
                  00003ef8    00000040     libclang_rt.builtins.a : aeabi_uidivmod.S.obj (.text.__aeabi_uidivmod)
                  00003f38    00000040                            : extendsfdf2.S.obj (.text.__extendsfdf2)
                  00003f78    00000040     libc.a : atoi.c.obj (.text.atoi)
                  00003fb8    0000003c     ti_msp_dl_config.o (.text.DL_Timer_setCounterControl)
                  00003ff4    0000003c     oled_hardware_spi.o (.text.OLED_Set_Pos)
                  00004030    0000003c     ti_msp_dl_config.o (.text.SYSCFG_DL_SYSCTL_init)
                  0000406c    0000003c     libc.a : autoinit.c.obj (.text:__TI_auto_init_nobinit_nopinit)
                  000040a8    0000003a     libclang_rt.builtins.a : muldsi3.S.obj (.text.__muldsi3)
                  000040e2    00000002     --HOLE-- [fill = 0]
                  000040e4    00000038                            : fixsfsi.S.obj (.text.__fixsfsi)
                  0000411c    00000038     libc.a : sprintf.c.obj (.text.sprintf)
                  00004154    00000034     ti_msp_dl_config.o (.text.DL_GPIO_initDigitalInputFeatures)
                  00004188    00000034     libc.a : fopen.c.obj (.text.__TI_cleanup)
                  000041bc    00000034     libsysbm.a : trgmsg.c.obj (.text.__TI_readmsg)
                  000041f0    00000034                : trgmsg.c.obj (.text.__TI_writemsg)
                  00004224    00000034     libc.a : exit.c.obj (.text.exit)
                  00004258    00000034            : getdevice.c.obj (.text.finddevice)
                  0000428c    00000030     interrupt.o (.text.DL_DMA_setTransferSize)
                  000042bc    00000030     wit.o (.text.DL_DMA_setTransferSize)
                  000042ec    00000030     ti_msp_dl_config.o (.text.DL_SPI_setFIFOThreshold)
                  0000431c    00000030     libc.a : _printfi.c.obj (.text._fcpy)
                  0000434c    00000030     clock.o (.text.mspm0_delay_ms)
                  0000437c    0000002c     main.o (.text.__NVIC_ClearPendingIRQ)
                  000043a8    0000002c     main.o (.text.__NVIC_EnableIRQ)
                  000043d4    0000002c     wit.o (.text.__NVIC_EnableIRQ)
                  00004400    0000002c     libclang_rt.builtins.a : floatsidf.S.obj (.text.__floatsidf)
                  0000442c    0000002c     libsysbm.a : unlink.c.obj (.text.unlink)
                  00004458    00000028     oled_hardware_spi.o (.text.DL_Common_updateReg)
                  00004480    00000028     ti_msp_dl_config.o (.text.DL_Common_updateReg)
                  000044a8    00000028     interrupt.o (.text.DL_DMA_setDestAddr)
                  000044d0    00000028     wit.o (.text.DL_DMA_setDestAddr)
                  000044f8    00000028     wit.o (.text.DL_DMA_setSrcAddr)
                  00004520    00000028     ti_msp_dl_config.o (.text.DL_SYSTICK_init)
                  00004548    00000028     ti_msp_dl_config.o (.text.DL_UART_setRXFIFOThreshold)
                  00004570    00000028     libc.a : memory.c.obj (.text.free_list_insert)
                  00004598    00000028     libsysbm.a : lseek.c.obj (.text.lseek)
                  000045c0    00000028                : write.c.obj (.text.write)
                  000045e8    00000028     libc.a : boot_cortex_m.c.obj (.text:_c_int00_noargs)
                  00004610    00000026     interrupt.o (.text.DL_DMA_disableChannel)
                  00004636    00000026     interrupt.o (.text.DL_DMA_enableChannel)
                  0000465c    00000026     wit.o (.text.DL_DMA_enableChannel)
                  00004682    00000002     --HOLE-- [fill = 0]
                  00004684    00000024     interrupt.o (.text.DL_DMA_getTransferSize)
                  000046a8    00000024     ti_msp_dl_config.o (.text.DL_SPI_setBitRateSerialClockDivider)
                  000046cc    00000024     oled_hardware_spi.o (.text.DL_SPI_setControllerCommandDataModeConfig)
                  000046f0    00000024     ti_msp_dl_config.o (.text.DL_SPI_setControllerCommandDataModeConfig)
                  00004714    00000024     ti_msp_dl_config.o (.text.DL_UART_setRXInterruptTimeout)
                  00004738    00000024     libclang_rt.builtins.a : muldi3.S.obj (.text.__muldi3)
                  0000475c    00000022     libc.a : memccpy.c.obj (.text.memccpy)
                  0000477e    00000002     --HOLE-- [fill = 0]
                  00004780    00000020     ti_msp_dl_config.o (.text.DL_GPIO_initPeripheralInputFunction)
                  000047a0    00000020     ti_msp_dl_config.o (.text.DL_SYSCTL_setFlashWaitState)
                  000047c0    0000001e     ti_msp_dl_config.o (.text.DL_UART_setOversampling)
                  000047de    00000002     --HOLE-- [fill = 0]
                  000047e0    0000001e     libclang_rt.builtins.a : ashldi3.S.obj (.text.__ashldi3)
                  000047fe    00000002     --HOLE-- [fill = 0]
                  00004800    0000001c     interrupt.o (.text.DL_GPIO_clearInterruptStatus)
                  0000481c    0000001c     ti_msp_dl_config.o (.text.DL_GPIO_clearInterruptStatus)
                  00004838    0000001c     ti_msp_dl_config.o (.text.DL_GPIO_enableInterrupt)
                  00004854    0000001c     ti_msp_dl_config.o (.text.DL_GPIO_initPeripheralOutputFunction)
                  00004870    0000001c     ti_msp_dl_config.o (.text.DL_GPIO_setLowerPinsPolarity)
                  0000488c    0000001c     ti_msp_dl_config.o (.text.DL_SPI_enableControllerCommandDataMode)
                  000048a8    0000001c     ti_msp_dl_config.o (.text.DL_SYSCTL_setSYSOSCFreq)
                  000048c4    0000001c     ti_msp_dl_config.o (.text.DL_SYSCTL_setULPCLKDivider)
                  000048e0    0000001c     driverlib.a : dl_timer.o (.text.DL_Timer_setCaptCompUpdateMethod)
                  000048fc    0000001c                 : dl_timer.o (.text.DL_Timer_setClockConfig)
                  00004918    0000001c     ti_msp_dl_config.o (.text.DL_UART_enableInterrupt)
                  00004934    0000001c     libc.a : memory.c.obj (.text.free_list_remove)
                  00004950    00000018     ti_msp_dl_config.o (.text.DL_GPIO_enableOutput)
                  00004968    00000018     ti_msp_dl_config.o (.text.DL_GPIO_enablePower)
                  00004980    00000018     interrupt.o (.text.DL_GPIO_getEnabledInterruptStatus)
                  00004998    00000018     ti_msp_dl_config.o (.text.DL_GPIO_initDigitalOutput)
                  000049b0    00000018     ti_msp_dl_config.o (.text.DL_GPIO_reset)
                  000049c8    00000018     RED_Light.o (.text.DL_GPIO_setPins)
                  000049e0    00000018     motor.o (.text.DL_GPIO_setPins)
                  000049f8    00000018     oled_hardware_spi.o (.text.DL_GPIO_setPins)
                  00004a10    00000018     ti_msp_dl_config.o (.text.DL_GPIO_setPins)
                  00004a28    00000018     ti_msp_dl_config.o (.text.DL_GPIO_setUpperPinsPolarity)
                  00004a40    00000018     ti_msp_dl_config.o (.text.DL_SPI_enable)
                  00004a58    00000018     ti_msp_dl_config.o (.text.DL_SPI_enablePower)
                  00004a70    00000018     oled_hardware_spi.o (.text.DL_SPI_isBusy)
                  00004a88    00000018     ti_msp_dl_config.o (.text.DL_SPI_reset)
                  00004aa0    00000018     ti_msp_dl_config.o (.text.DL_SYSCTL_setBORThreshold)
                  00004ab8    00000018     ti_msp_dl_config.o (.text.DL_Timer_enablePower)
                  00004ad0    00000018     ti_msp_dl_config.o (.text.DL_Timer_reset)
                  00004ae8    00000018     driverlib.a : dl_timer.o (.text.DL_Timer_setCaptureCompareOutCtl)
                  00004b00    00000018     main.o (.text.DL_Timer_startCounter)
                  00004b18    00000018     ti_msp_dl_config.o (.text.DL_UART_enableDMAReceiveEvent)
                  00004b30    00000018     ti_msp_dl_config.o (.text.DL_UART_enableFIFOs)
                  00004b48    00000018     ti_msp_dl_config.o (.text.DL_UART_enablePower)
                  00004b60    00000018     interrupt.o (.text.DL_UART_isRXFIFOEmpty)
                  00004b78    00000018     ti_msp_dl_config.o (.text.DL_UART_reset)
                  00004b90    00000018     ti_msp_dl_config.o (.text.SYSCFG_DL_DMA_WIT_init)
                  00004ba8    00000018     clock.o (.text.SysTick_Init)
                  00004bc0    00000018     libc.a : sprintf.c.obj (.text._outs)
                  00004bd8    00000016     RED_Light.o (.text.DL_GPIO_readPins)
                  00004bee    00000016     interrupt.o (.text.DL_GPIO_readPins)
                  00004c04    00000016     main.o (.text.DL_GPIO_readPins)
                  00004c1a    00000016     oled_hardware_spi.o (.text.DL_SPI_transmitData8)
                  00004c30    00000016     ti_msp_dl_config.o (.text.DL_UART_enable)
                  00004c46    00000016     libc.a : copy_zero_init.c.obj (.text:decompress:ZI:__TI_zero_init_nomemset)
                  00004c5c    00000014     RED_Light.o (.text.DL_GPIO_clearPins)
                  00004c70    00000014     main.o (.text.DL_GPIO_clearPins)
                  00004c84    00000014     motor.o (.text.DL_GPIO_clearPins)
                  00004c98    00000014     oled_hardware_spi.o (.text.DL_GPIO_clearPins)
                  00004cac    00000014     ti_msp_dl_config.o (.text.DL_GPIO_clearPins)
                  00004cc0    00000014     ti_msp_dl_config.o (.text.DL_SYSCTL_disableSYSPLL)
                  00004cd4    00000014     ti_msp_dl_config.o (.text.DL_Timer_enableClock)
                  00004ce8    00000014     ti_msp_dl_config.o (.text.DL_Timer_setCCPDirection)
                  00004cfc    00000014     interrupt.o (.text.DL_UART_receiveData)
                  00004d10    00000014     main.o (.text.DL_UART_receiveData)
                  00004d24    00000014     motor.o (.text.Motor_On)
                  00004d38    00000014     libclang_rt.builtins.a : aeabi_uldivmod.S.obj (.text.__aeabi_uldivmod)
                  00004d4c    00000014     libc.a : _printfi.c.obj (.text.strchr)
                  00004d60    00000012     driverlib.a : dl_spi.o (.text.DL_SPI_setClockConfig)
                  00004d72    00000012     main.o (.text.DL_UART_getPendingInterrupt)
                  00004d84    00000012     driverlib.a : dl_uart.o (.text.DL_UART_setClockConfig)
                  00004d96    00000012     libc.a : memcpy16.S.obj (.text:TI_memcpy_small)
                  00004da8    00000012            : copy_decompress_none.c.obj (.text:decompress:none)
                  00004dba    00000002     --HOLE-- [fill = 0]
                  00004dbc    00000010     ti_msp_dl_config.o (.text.DL_SYSCTL_disableHFXT)
                  00004dcc    00000010     ti_msp_dl_config.o (.text.DL_SYSTICK_enable)
                  00004ddc    00000010     driverlib.a : dl_timer.o (.text.DL_Timer_setCaptureCompareValue)
                  00004dec    00000010     interrupt.o (.text.SysTick_Handler)
                  00004dfc    00000010     oled_hardware_spi.o (.text.delay_ms)
                  00004e0c    00000010     libc.a : wcslen.c.obj (.text.wcslen)
                  00004e1c    0000000e            : memory.c.obj (.text.OUTLINED_FUNCTION_0)
                  00004e2a    0000000e     ti_msp_dl_config.o (.text.SYSCFG_DL_SYSTICK_init)
                  00004e38    0000000e     libclang_rt.builtins.a : aeabi_memset.S.obj (.text.__aeabi_memset)
                  00004e46    0000000e     libsysbm.a : hostrename.c.obj (.text.strcpy)
                  00004e54    0000000e     libc.a : _printfi.c.obj (.text.strlen)
                  00004e62    0000000e     libsysbm.a : hostrename.c.obj (.text.strlen)
                  00004e70    0000000e     libc.a : memset16.S.obj (.text:TI_memset_small)
                  00004e7e    0000000c            : memory.c.obj (.text.malloc)
                  00004e8a    0000000a     driverlib.a : dl_common.o (.text.DL_Common_delayCycles)
                  00004e94    0000000a     libc.a : _printfi.c.obj (.text.OUTLINED_FUNCTION_0)
                  00004e9e    00000002     --HOLE-- [fill = 0]
                  00004ea0    00000010     libclang_rt.builtins.a : adddf3.S.obj (.tramp.__aeabi_dsub.1)
                  00004eb0    0000000a     libc.a : _printfi.c.obj (.text.OUTLINED_FUNCTION_1)
                  00004eba    0000000a            : sprintf.c.obj (.text._outc)
                  00004ec4    00000008     ti_msp_dl_config.o (.text.SYSCFG_DL_DMA_init)
                  00004ecc    00000008     libc.a : aeabi_portable.c.obj (.text.__aeabi_errno_addr)
                  00004ed4    00000008     libclang_rt.builtins.a : aeabi_memcpy.S.obj (.text.__aeabi_memcpy)
                  00004edc    00000008     libc.a : printf.c.obj (.text._outc)
                  00004ee4    00000008            : printf.c.obj (.text._outs)
                  00004eec    00000008            : fseek.c.obj (.text.fseek)
                  00004ef4    00000008     libsysbm.a : remove.c.obj (.text.remove)
                  00004efc    00000006     libc.a : exit.c.obj (.text:abort)
                  00004f02    00000004     startup_mspm0g350x_ticlang.o (.text.Default_Handler)
                  00004f06    00000004     libsysbm.a : hostexit.c.obj (.text.HOSTexit)
                  00004f0a    00000004     startup_mspm0g350x_ticlang.o (.text.Reset_Handler)
                  00004f0e    00000002     --HOLE-- [fill = 0]
                  00004f10    00000010     libc.a : boot_cortex_m.c.obj (.tramp._c_int00_noargs.1)
                  00004f20    00000004            : pre_init.c.obj (.text._system_pre_init)
                  00004f24    0000000c     --HOLE-- [fill = 0]

.cinit     0    000058f0    00000098     
                  000058f0    0000006f     (.cinit..data.load) [load image, compression = lzss]
                  0000595f    00000001     --HOLE-- [fill = 0]
                  00005960    0000000c     (__TI_handler_table)
                  0000596c    00000008     (.cinit..bss.load) [load image, compression = zero_init]
                  00005974    00000010     (__TI_cinit_table)
                  00005984    00000004     --HOLE-- [fill = 0]

.rodata    0    00004f30    000009c0     
                  00004f30    000005f0     oled_hardware_spi.o (.rodata.asc2_1608)
                  00005520    00000228     oled_hardware_spi.o (.rodata.asc2_0806)
                  00005748    00000008     ti_msp_dl_config.o (.rodata.gPWM_MOTORConfig)
                  00005750    00000101     libc.a : aeabi_ctype.S.obj (.rodata:__aeabi_ctype_table_)
                  00005851    00000003     ti_msp_dl_config.o (.rodata.gPWM_MOTORClockConfig)
                  00005854    00000028     ti_msp_dl_config.o (.rodata.gSYSPLLConfig)
                  0000587c    00000018     ti_msp_dl_config.o (.rodata.gDMA_WITConfig)
                  00005894    00000011     libc.a : _printfi.c.obj (.rodata.str1.10348868589481759720.1)
                  000058a5    00000011            : _printfi.c.obj (.rodata.str1.15363888844622738466.1)
                  000058b6    0000000a     ti_msp_dl_config.o (.rodata.gSPI_OLED_config)
                  000058c0    0000000a     ti_msp_dl_config.o (.rodata.gUART_K230Config)
                  000058ca    0000000a     ti_msp_dl_config.o (.rodata.gUART_WITConfig)
                  000058d4    00000008     main.o (.rodata.str1.15159059442110792349.1)
                  000058dc    00000007     main.o (.rodata.str1.8154729771448623357.1)
                  000058e3    00000004     main.o (.rodata.str1.17100691992556644108.1)
                  000058e7    00000002     ti_msp_dl_config.o (.rodata.gSPI_OLED_clockConfig)
                  000058e9    00000002     ti_msp_dl_config.o (.rodata.gUART_K230ClockConfig)
                  000058eb    00000002     ti_msp_dl_config.o (.rodata.gUART_WITClockConfig)
                  000058ed    00000003     --HOLE-- [fill = 0]

.init_array 
*          0    00000000    00000000     UNINITIALIZED

.binit     0    00000000    00000000     

.sysmem    0    20200000    00000800     UNINITIALIZED
                  20200000    00000010     libc.a : memory.c.obj (.sysmem)
                  20200010    000007f0     --HOLE--

.bss       0    20200800    00000360     UNINITIALIZED
                  20200800    00000120     libsysbm.a : trgmsg.c.obj (.bss:_CIOBUF_)
                  20200920    000000bc     (.common:gPWM_MOTORBackup)
                  202009dc    000000a0     libc.a : defs.c.obj (.bss.__TI_tmpnams)
                  20200a7c    00000030     (.common:gUART_WITBackup)
                  20200aac    00000028     (.common:gSPI_OLEDBackup)
                  20200ad4    00000021     (.common:wit_dmaBuffer)
                  20200af5    00000020     (.common:oled_buffer)
                  20200b15    00000003     --HOLE--
                  20200b18    00000020     (.common:wit_data)
                  20200b38    00000008     libsysbm.a : hostopen.c.obj (.bss.parmbuf)
                  20200b40    00000004     libc.a : memory.c.obj (.bss.sys_free)
                  20200b44    00000004     (.common:Get_Encoder_countA)
                  20200b48    00000004     (.common:Get_Encoder_countB)
                  20200b4c    00000004     (.common:encoderA_cnt)
                  20200b50    00000004     (.common:encoderB_cnt)
                  20200b54    00000004     (.common:gpio_interrup)
                  20200b58    00000004     (.common:start_time)
                  20200b5c    00000004     (.common:tick_ms)

.data      0    20200b60    000001fd     UNINITIALIZED
                  20200b60    000000f0     libc.a : defs.c.obj (.data._ftable)
                  20200c50    00000078     libsysbm.a : host_device.c.obj (.data._device)
                  20200cc8    00000050                : host_device.c.obj (.data._stream)
                  20200d18    00000008     libc.a : exit.c.obj (.data..L_MergedGlobals)
                  20200d20    00000004     RED_Light.o (.data.D)
                  20200d24    00000004     RED_Light.o (.data.I)
                  20200d28    00000004     RED_Light.o (.data.Kd)
                  20200d2c    00000004     RED_Light.o (.data.Ki)
                  20200d30    00000004     RED_Light.o (.data.Kp)
                  20200d34    00000004     RED_Light.o (.data.P)
                  20200d38    00000004     RED_Light.o (.data.PID_value)
                  20200d3c    00000004     libc.a : defs.c.obj (.data.__TI_ft_end)
                  20200d40    00000004            : aeabi_portable.c.obj (.data.__aeabi_errno)
                  20200d44    00000004            : _lock.c.obj (.data._lock)
                  20200d48    00000004            : _lock.c.obj (.data._unlock)
                  20200d4c    00000004     RED_Light.o (.data.initial_motor_speed)
                  20200d50    00000004     RED_Light.o (.data.new_error)
                  20200d54    00000004     RED_Light.o (.data.previous_error)
                  20200d58    00000002     main.o (.data.cx)
                  20200d5a    00000002     main.o (.data.rxbuf)
                  20200d5c    00000001     libc.a : memory.c.obj (.data.memory_is_initialized)

.stack     0    20207e00    00000200     UNINITIALIZED
                  20207e00    00000004     libc.a : boot_cortex_m.c.obj (.stack)
                  20207e04    000001fc     --HOLE--

__llvm_prf_cnts 
*          0    20200000    00000000     UNINITIALIZED

__llvm_prf_bits 
*          0    20200000    00000000     UNINITIALIZED

MODULE SUMMARY

       Module                         code    ro data   rw data
       ------                         ----    -------   -------
    .\
       ti_msp_dl_config.o             2390    111       276    
       main.o                         748     19        52     
       startup_mspm0g350x_ticlang.o   8       192       0      
    +--+------------------------------+-------+---------+---------+
       Total:                         3146    322       328    
                                                               
    .\Drivers\MSPM0\
       interrupt.o                    1450    0         4      
       clock.o                        284     0         8      
    +--+------------------------------+-------+---------+---------+
       Total:                         1734    0         12     
                                                               
    .\Drivers\OLED_Hardware_SPI\
       oled_hardware_spi.o            1092    2072      0      
    +--+------------------------------+-------+---------+---------+
       Total:                         1092    2072      0      
                                                               
    .\Drivers\RED_Light\
       RED_Light.o                    1550    0         40     
    +--+------------------------------+-------+---------+---------+
       Total:                         1550    0         40     
                                                               
    .\Drivers\WIT\
       wit.o                          278     0         65     
    +--+------------------------------+-------+---------+---------+
       Total:                         278     0         65     
                                                               
    .\Drivers\motor\
       motor.o                        136     0         0      
    +--+------------------------------+-------+---------+---------+
       Total:                         136     0         0      
                                                               
    C:/ti/mspm0_sdk_2_04_00_06/source/ti/driverlib/lib/ticlang/m0p/mspm0g1x0x_g3x0x/driverlib.a
       dl_timer.o                     356     0         0      
       dl_sysctl_mspm0g1x0x_g3x0x.o   288     0         0      
       dl_uart.o                      174     0         0      
       dl_spi.o                       86      0         0      
       dl_dma.o                       76      0         0      
       dl_common.o                    10      0         0      
    +--+------------------------------+-------+---------+---------+
       Total:                         990     0         0      
                                                               
    C:\ti\ccs2011\ccs\tools\compiler\ti-cgt-armllvm_4.0.3.LTS\lib\armv6m-ti-none-eabi/c/libc.a
       _printfi.c.obj                 4510    34        0      
       memory.c.obj                   702     0         5      
       defs.c.obj                     0       0         404    
       aeabi_ctype.S.obj              0       257       0      
       fputs.c.obj                    248     0         0      
       setvbuf.c.obj                  224     0         0      
       s_scalbn.c.obj                 216     0         0      
       getdevice.c.obj                160     0         0      
       fputc.c.obj                    156     0         0      
       strcmp-armv6m.S.obj            136     0         0      
       copy_decompress_lzss.c.obj     124     0         0      
       fclose.c.obj                   124     0         0      
       fseek.c.obj                    116     0         0      
       printf.c.obj                   108     0         0      
       _io_perm.c.obj                 100     0         0      
       s_frexp.c.obj                  92      0         0      
       sprintf.c.obj                  90      0         0      
       _ltoa.c.obj                    88      0         0      
       fflush.c.obj                   82      0         0      
       exit.c.obj                     58      0         8      
       atoi.c.obj                     64      0         0      
       autoinit.c.obj                 60      0         0      
       boot_cortex_m.c.obj            56      0         0      
       fopen.c.obj                    52      0         0      
       memccpy.c.obj                  34      0         0      
       copy_zero_init.c.obj           22      0         0      
       copy_decompress_none.c.obj     18      0         0      
       memcpy16.S.obj                 18      0         0      
       wcslen.c.obj                   16      0         0      
       memset16.S.obj                 14      0         0      
       aeabi_portable.c.obj           8       0         4      
       _lock.c.obj                    2       0         8      
       pre_init.c.obj                 4       0         0      
    +--+------------------------------+-------+---------+---------+
       Total:                         7702    291       429    
                                                               
    C:\ti\ccs2011\ccs\tools\compiler\ti-cgt-armllvm_4.0.3.LTS\lib\armv6m-ti-none-eabi/c/libsysbm.a
       trgmsg.c.obj                   104     0         288    
       host_device.c.obj              0       0         200    
       hostrename.c.obj               136     0         0      
       hostlseek.c.obj                108     0         0      
       hostopen.c.obj                 96      0         8      
       hostread.c.obj                 88      0         0      
       hostwrite.c.obj                88      0         0      
       close.c.obj                    80      0         0      
       hostclose.c.obj                72      0         0      
       hostunlink.c.obj               72      0         0      
       unlink.c.obj                   44      0         0      
       lseek.c.obj                    40      0         0      
       write.c.obj                    40      0         0      
       remove.c.obj                   8       0         0      
       hostexit.c.obj                 4       0         0      
    +--+------------------------------+-------+---------+---------+
       Total:                         980     0         496    
                                                               
    C:\ti\ccs2011\ccs\tools\compiler\ti-cgt-armllvm_4.0.3.LTS\lib\armv6m-ti-none-eabi/libclang_rt.builtins.a
       adddf3.S.obj                   418     0         0      
       divdf3.S.obj                   268     0         0      
       muldf3.S.obj                   228     0         0      
       comparedf2.c.obj               220     0         0      
       addsf3.S.obj                   216     0         0      
       udivmoddi4.S.obj               162     0         0      
       mulsf3.S.obj                   140     0         0      
       truncdfsf2.S.obj               116     0         0      
       aeabi_dcmp.S.obj               98      0         0      
       aeabi_idivmod.S.obj            86      0         0      
       fixdfsi.S.obj                  74      0         0      
       aeabi_uidivmod.S.obj           64      0         0      
       extendsfdf2.S.obj              64      0         0      
       muldsi3.S.obj                  58      0         0      
       fixsfsi.S.obj                  56      0         0      
       floatsidf.S.obj                44      0         0      
       muldi3.S.obj                   36      0         0      
       ashldi3.S.obj                  30      0         0      
       aeabi_memset.S.obj             26      0         0      
       aeabi_uldivmod.S.obj           20      0         0      
       aeabi_memcpy.S.obj             8       0         0      
       aeabi_div0.c.obj               4       0         0      
    +--+------------------------------+-------+---------+---------+
       Total:                         2436    0         0      
                                                               
       Heap:                          0       0         2048   
       Stack:                         0       0         512    
       Linker Generated:              0       147       0      
    +--+------------------------------+-------+---------+---------+
       Grand Total:                   20044   2832      3930   


LINKER GENERATED COPY TABLES

__TI_cinit_table @ 00005974 records: 2, size/record: 8, table size: 16
	.data: load addr=000058f0, load size=0000006f bytes, run addr=20200b60, run size=000001fd bytes, compression=lzss
	.bss: load addr=0000596c, load size=00000008 bytes, run addr=20200800, run size=00000360 bytes, compression=zero_init


LINKER GENERATED HANDLER TABLE

__TI_handler_table @ 00005960 records: 3, size/record: 4, table size: 12
	index: 0, handler: __TI_decompress_lzss
	index: 1, handler: __TI_decompress_none
	index: 2, handler: __TI_zero_init


FAR CALL TRAMPOLINES

callee name               trampoline name
   callee addr  tramp addr   call addr  call info
--------------  -----------  ---------  ----------------
__aeabi_dsub              $Tramp$TT$L$PI$$__aeabi_dsub
   00001679     00004ea0     00004e9c   libc.a : _printfi.c.obj (.text.OUTLINED_FUNCTION_0)
_c_int00_noargs           $Tramp$TT$L$PI$$_c_int00_noargs
   000045e9     00004f10     00004f0a   startup_mspm0g350x_ticlang.o (.text.Reset_Handler)

[2 trampolines]
[2 trampoline calls]


GLOBAL SYMBOLS: SORTED ALPHABETICALLY BY Name 

address   name                                 
-------   ----                                 
00004f03  ADC0_IRQHandler                      
00004f03  ADC1_IRQHandler                      
00004f03  AES_IRQHandler                       
00004f06  C$$EXIT                              
0000421d  C$$IO$$                              
00004f03  CANFD0_IRQHandler                    
20200d20  D                                    
00004f03  DAC0_IRQHandler                      
00004e8b  DL_Common_delayCycles                
00003afd  DL_DMA_initChannel                   
00003e2d  DL_SPI_init                          
00004d61  DL_SPI_setClockConfig                
000026e5  DL_SYSCTL_configSYSPLL               
00003e71  DL_SYSCTL_switchMCLKfromSYSOSCtoHSCLK
00002149  DL_Timer_initFourCCPWMMode           
000048e1  DL_Timer_setCaptCompUpdateMethod     
00004ae9  DL_Timer_setCaptureCompareOutCtl     
00004ddd  DL_Timer_setCaptureCompareValue      
000048fd  DL_Timer_setClockConfig              
00003965  DL_UART_drainRXFIFO                  
00003cc5  DL_UART_init                         
00004d85  DL_UART_setClockConfig               
00004f03  DMA_IRQHandler                       
00004f03  Default_Handler                      
00004f03  GROUP0_IRQHandler                    
00002345  GROUP1_IRQHandler                    
20200b44  Get_Encoder_countA                   
20200b48  Get_Encoder_countB                   
00003d0d  HOSTclose                            
00004f07  HOSTexit                             
00003215  HOSTlseek                            
00003695  HOSTopen                             
000037ad  HOSTread                             
00003281  HOSTrename                           
00003d55  HOSTunlink                           
00003805  HOSTwrite                            
00004f03  HardFault_Handler                    
20200d24  I                                    
00004f03  I2C0_IRQHandler                      
00004f03  I2C1_IRQHandler                      
20200d28  Kd                                   
20200d2c  Ki                                   
20200d30  Kp                                   
00003d9d  Motor_Off                            
00004d25  Motor_On                             
00004f03  NMI_Handler                          
000033c5  OLED_Clear                           
00001d05  OLED_Init                            
00003ff5  OLED_Set_Pos                         
00001bed  OLED_ShowChar                        
000031a5  OLED_ShowString                      
00003b95  OLED_WR_Byte                         
20200d34  P                                    
20200d38  PID_value                            
00004f03  PendSV_Handler                       
00004f03  RTC_IRQHandler                       
00004f0b  Reset_Handler                        
00004f03  SPI0_IRQHandler                      
00004f03  SPI1_IRQHandler                      
00004f03  SVC_Handler                          
00004b91  SYSCFG_DL_DMA_WIT_init               
00004ec5  SYSCFG_DL_DMA_init                   
0000180d  SYSCFG_DL_GPIO_init                  
00002c11  SYSCFG_DL_PWM_MOTOR_init             
00003be1  SYSCFG_DL_SPI_OLED_init              
00004031  SYSCFG_DL_SYSCTL_init                
00004e2b  SYSCFG_DL_SYSTICK_init               
00003c2d  SYSCFG_DL_UART_K230_init             
00003431  SYSCFG_DL_UART_WIT_init              
00003de5  SYSCFG_DL_init                       
00002ecd  SYSCFG_DL_initPower                  
00004ded  SysTick_Handler                      
00004ba9  SysTick_Init                         
00004f03  TIMA0_IRQHandler                     
00004f03  TIMA1_IRQHandler                     
00004f03  TIMG0_IRQHandler                     
00004f03  TIMG12_IRQHandler                    
00004f03  TIMG6_IRQHandler                     
00004f03  TIMG7_IRQHandler                     
00004f03  TIMG8_IRQHandler                     
00004d97  TI_memcpy_small                      
00004e71  TI_memset_small                      
00002d2d  UART0_IRQHandler                     
00004f03  UART1_IRQHandler                     
00004f03  UART2_IRQHandler                     
00000a91  UART3_IRQHandler                     
00003eb5  WIT_Init                             
20200800  _CIOBUF_                             
20200800  __CIOBUF_                            
20208000  __STACK_END                          
00000200  __STACK_SIZE                         
00000800  __SYSMEM_SIZE                        
00000000  __TI_ATRegion0_region_sz             
00000000  __TI_ATRegion0_src_addr              
00000000  __TI_ATRegion0_trg_addr              
00000000  __TI_ATRegion1_region_sz             
00000000  __TI_ATRegion1_src_addr              
00000000  __TI_ATRegion1_trg_addr              
00000000  __TI_ATRegion2_region_sz             
00000000  __TI_ATRegion2_src_addr              
00000000  __TI_ATRegion2_trg_addr              
00005974  __TI_CINIT_Base                      
00005984  __TI_CINIT_Limit                     
00005984  __TI_CINIT_Warm                      
00005960  __TI_Handler_Table_Base              
0000596c  __TI_Handler_Table_Limit             
0000406d  __TI_auto_init_nobinit_nopinit       
00004189  __TI_cleanup                         
20200d18  __TI_cleanup_ptr                     
00002f49  __TI_closefile                       
00003041  __TI_decompress_lzss                 
00004da9  __TI_decompress_none                 
000039b9  __TI_doflush                         
20200d1c  __TI_dtors_ptr                       
20200d3c  __TI_ft_end                          
0000385d  __TI_ltoa                            
ffffffff  __TI_pprof_out_hndl                  
000000c1  __TI_printfi                         
ffffffff  __TI_prof_data_size                  
ffffffff  __TI_prof_data_start                 
000041bd  __TI_readmsg                         
00000000  __TI_static_base__                   
202009dc  __TI_tmpnams                         
000041f1  __TI_writemsg                        
00003567  __TI_wrt_ok                          
00004c47  __TI_zero_init_nomemset              
00001683  __adddf3                             
000028a3  __addsf3                             
00005750  __aeabi_ctype_table_                 
00005750  __aeabi_ctype_table_C                
00003131  __aeabi_d2f                          
00003c79  __aeabi_d2iz                         
00001683  __aeabi_dadd                         
00003631  __aeabi_dcmpeq                       
0000366d  __aeabi_dcmpge                       
00003681  __aeabi_dcmpgt                       
00003659  __aeabi_dcmple                       
00003645  __aeabi_dcmplt                       
0000203d  __aeabi_ddiv                         
00002521  __aeabi_dmul                         
00001679  __aeabi_dsub                         
20200d40  __aeabi_errno                        
00004ecd  __aeabi_errno_addr                   
00003f39  __aeabi_f2d                          
000040e5  __aeabi_f2iz                         
000028a3  __aeabi_fadd                         
00002ca1  __aeabi_fmul                         
00002899  __aeabi_fsub                         
00004401  __aeabi_i2d                          
0000390d  __aeabi_idiv                         
0000180b  __aeabi_idiv0                        
0000390d  __aeabi_idivmod                      
00002b73  __aeabi_ldiv0                        
000047e1  __aeabi_llsl                         
00004739  __aeabi_lmul                         
00002db5  __aeabi_memclr                       
00002db5  __aeabi_memclr4                      
00002db5  __aeabi_memclr8                      
00004ed5  __aeabi_memcpy                       
00004ed5  __aeabi_memcpy4                      
00004ed5  __aeabi_memcpy8                      
00004e39  __aeabi_memset                       
00004e39  __aeabi_memset4                      
00004e39  __aeabi_memset8                      
00003ef9  __aeabi_uidiv                        
00003ef9  __aeabi_uidivmod                     
00004d39  __aeabi_uldivmod                     
000047e1  __ashldi3                            
ffffffff  __binit__                            
00003499  __cmpdf2                             
0000203d  __divdf3                             
00003499  __eqdf2                              
00003f39  __extendsfdf2                        
00003c79  __fixdfsi                            
000040e5  __fixsfsi                            
00004401  __floatsidf                          
000030bd  __gedf2                              
000030bd  __gtdf2                              
00003499  __ledf2                              
00003499  __ltdf2                              
UNDEFED   __mpu_init                           
00002521  __muldf3                             
00004739  __muldi3                             
000040a9  __muldsi3                            
00002ca1  __mulsf3                             
00003499  __nedf2                              
20207e00  __stack                              
20200000  __start___llvm_prf_bits              
20200000  __start___llvm_prf_cnts              
20200000  __stop___llvm_prf_bits               
20200000  __stop___llvm_prf_cnts               
00001679  __subdf3                             
00002899  __subsf3                             
00003131  __truncdfsf2                         
00002ad1  __udivmoddi4                         
000045e9  _c_int00_noargs                      
20200c50  _device                              
20200b60  _ftable                              
20200d44  _lock                                
0000342f  _nop                                 
20200cc8  _stream                              
20200000  _sys_memory                          
UNDEFED   _system_post_cinit                   
00004f21  _system_pre_init                     
20200d48  _unlock                              
00004efd  abort                                
00001e19  aligned_alloc                        
00005520  asc2_0806                            
00004f30  asc2_1608                            
00003f79  atoi                                 
ffffffff  binit                                
00003aad  close                                
20200d58  cx                                   
00004dfd  delay_ms                             
20200b4c  encoderA_cnt                         
20200b50  encoderB_cnt                         
00004225  exit                                 
00004259  finddevice                           
00002b75  fputc                                
0000224d  fputs                                
00002439  free                                 
000036f5  frexp                                
000036f5  frexpl                               
00004eed  fseek                                
000032ed  fseeko                               
20200920  gPWM_MOTORBackup                     
20200aac  gSPI_OLEDBackup                      
20200a7c  gUART_WITBackup                      
00003359  getdevice                            
20200b54  gpio_interrup                        
00000000  interruptVectors                     
000027c1  ldexp                                
000027c1  ldexpl                               
00004599  lseek                                
000014d5  main                                 
00004e7f  malloc                               
00001e19  memalign                             
0000475d  memccpy                              
00001f2d  motorsWrite                          
0000434d  mspm0_delay_ms                       
20200d50  new_error                            
20200af5  oled_buffer                          
20200b38  parmbuf                              
20200d54  previous_error                       
00003751  printf                               
00004ef5  remove                               
20200d5a  rxbuf                                
000027c1  scalbn                               
000027c1  scalbnl                              
00002605  setvbuf                              
0000411d  sprintf                              
20200b58  start_time                           
00002dc1  strcmp                               
20200b5c  tick_ms                              
00002a25  track2_control                       
00000df9  track2_scan                          
00002fc5  track_Set_PWM                        
00002971  track_pid                            
0000442d  unlink                               
00004e0d  wcslen                               
20200b18  wit_data                             
20200ad4  wit_dmaBuffer                        
000045c1  write                                


GLOBAL SYMBOLS: SORTED BY Symbol Address 

address   name                                 
-------   ----                                 
00000000  __TI_ATRegion0_region_sz             
00000000  __TI_ATRegion0_src_addr              
00000000  __TI_ATRegion0_trg_addr              
00000000  __TI_ATRegion1_region_sz             
00000000  __TI_ATRegion1_src_addr              
00000000  __TI_ATRegion1_trg_addr              
00000000  __TI_ATRegion2_region_sz             
00000000  __TI_ATRegion2_src_addr              
00000000  __TI_ATRegion2_trg_addr              
00000000  __TI_static_base__                   
00000000  interruptVectors                     
000000c1  __TI_printfi                         
00000200  __STACK_SIZE                         
00000800  __SYSMEM_SIZE                        
00000a91  UART3_IRQHandler                     
00000df9  track2_scan                          
000014d5  main                                 
00001679  __aeabi_dsub                         
00001679  __subdf3                             
00001683  __adddf3                             
00001683  __aeabi_dadd                         
0000180b  __aeabi_idiv0                        
0000180d  SYSCFG_DL_GPIO_init                  
00001bed  OLED_ShowChar                        
00001d05  OLED_Init                            
00001e19  aligned_alloc                        
00001e19  memalign                             
00001f2d  motorsWrite                          
0000203d  __aeabi_ddiv                         
0000203d  __divdf3                             
00002149  DL_Timer_initFourCCPWMMode           
0000224d  fputs                                
00002345  GROUP1_IRQHandler                    
00002439  free                                 
00002521  __aeabi_dmul                         
00002521  __muldf3                             
00002605  setvbuf                              
000026e5  DL_SYSCTL_configSYSPLL               
000027c1  ldexp                                
000027c1  ldexpl                               
000027c1  scalbn                               
000027c1  scalbnl                              
00002899  __aeabi_fsub                         
00002899  __subsf3                             
000028a3  __addsf3                             
000028a3  __aeabi_fadd                         
00002971  track_pid                            
00002a25  track2_control                       
00002ad1  __udivmoddi4                         
00002b73  __aeabi_ldiv0                        
00002b75  fputc                                
00002c11  SYSCFG_DL_PWM_MOTOR_init             
00002ca1  __aeabi_fmul                         
00002ca1  __mulsf3                             
00002d2d  UART0_IRQHandler                     
00002db5  __aeabi_memclr                       
00002db5  __aeabi_memclr4                      
00002db5  __aeabi_memclr8                      
00002dc1  strcmp                               
00002ecd  SYSCFG_DL_initPower                  
00002f49  __TI_closefile                       
00002fc5  track_Set_PWM                        
00003041  __TI_decompress_lzss                 
000030bd  __gedf2                              
000030bd  __gtdf2                              
00003131  __aeabi_d2f                          
00003131  __truncdfsf2                         
000031a5  OLED_ShowString                      
00003215  HOSTlseek                            
00003281  HOSTrename                           
000032ed  fseeko                               
00003359  getdevice                            
000033c5  OLED_Clear                           
0000342f  _nop                                 
00003431  SYSCFG_DL_UART_WIT_init              
00003499  __cmpdf2                             
00003499  __eqdf2                              
00003499  __ledf2                              
00003499  __ltdf2                              
00003499  __nedf2                              
00003567  __TI_wrt_ok                          
00003631  __aeabi_dcmpeq                       
00003645  __aeabi_dcmplt                       
00003659  __aeabi_dcmple                       
0000366d  __aeabi_dcmpge                       
00003681  __aeabi_dcmpgt                       
00003695  HOSTopen                             
000036f5  frexp                                
000036f5  frexpl                               
00003751  printf                               
000037ad  HOSTread                             
00003805  HOSTwrite                            
0000385d  __TI_ltoa                            
0000390d  __aeabi_idiv                         
0000390d  __aeabi_idivmod                      
00003965  DL_UART_drainRXFIFO                  
000039b9  __TI_doflush                         
00003aad  close                                
00003afd  DL_DMA_initChannel                   
00003b95  OLED_WR_Byte                         
00003be1  SYSCFG_DL_SPI_OLED_init              
00003c2d  SYSCFG_DL_UART_K230_init             
00003c79  __aeabi_d2iz                         
00003c79  __fixdfsi                            
00003cc5  DL_UART_init                         
00003d0d  HOSTclose                            
00003d55  HOSTunlink                           
00003d9d  Motor_Off                            
00003de5  SYSCFG_DL_init                       
00003e2d  DL_SPI_init                          
00003e71  DL_SYSCTL_switchMCLKfromSYSOSCtoHSCLK
00003eb5  WIT_Init                             
00003ef9  __aeabi_uidiv                        
00003ef9  __aeabi_uidivmod                     
00003f39  __aeabi_f2d                          
00003f39  __extendsfdf2                        
00003f79  atoi                                 
00003ff5  OLED_Set_Pos                         
00004031  SYSCFG_DL_SYSCTL_init                
0000406d  __TI_auto_init_nobinit_nopinit       
000040a9  __muldsi3                            
000040e5  __aeabi_f2iz                         
000040e5  __fixsfsi                            
0000411d  sprintf                              
00004189  __TI_cleanup                         
000041bd  __TI_readmsg                         
000041f1  __TI_writemsg                        
0000421d  C$$IO$$                              
00004225  exit                                 
00004259  finddevice                           
0000434d  mspm0_delay_ms                       
00004401  __aeabi_i2d                          
00004401  __floatsidf                          
0000442d  unlink                               
00004599  lseek                                
000045c1  write                                
000045e9  _c_int00_noargs                      
00004739  __aeabi_lmul                         
00004739  __muldi3                             
0000475d  memccpy                              
000047e1  __aeabi_llsl                         
000047e1  __ashldi3                            
000048e1  DL_Timer_setCaptCompUpdateMethod     
000048fd  DL_Timer_setClockConfig              
00004ae9  DL_Timer_setCaptureCompareOutCtl     
00004b91  SYSCFG_DL_DMA_WIT_init               
00004ba9  SysTick_Init                         
00004c47  __TI_zero_init_nomemset              
00004d25  Motor_On                             
00004d39  __aeabi_uldivmod                     
00004d61  DL_SPI_setClockConfig                
00004d85  DL_UART_setClockConfig               
00004d97  TI_memcpy_small                      
00004da9  __TI_decompress_none                 
00004ddd  DL_Timer_setCaptureCompareValue      
00004ded  SysTick_Handler                      
00004dfd  delay_ms                             
00004e0d  wcslen                               
00004e2b  SYSCFG_DL_SYSTICK_init               
00004e39  __aeabi_memset                       
00004e39  __aeabi_memset4                      
00004e39  __aeabi_memset8                      
00004e71  TI_memset_small                      
00004e7f  malloc                               
00004e8b  DL_Common_delayCycles                
00004ec5  SYSCFG_DL_DMA_init                   
00004ecd  __aeabi_errno_addr                   
00004ed5  __aeabi_memcpy                       
00004ed5  __aeabi_memcpy4                      
00004ed5  __aeabi_memcpy8                      
00004eed  fseek                                
00004ef5  remove                               
00004efd  abort                                
00004f03  ADC0_IRQHandler                      
00004f03  ADC1_IRQHandler                      
00004f03  AES_IRQHandler                       
00004f03  CANFD0_IRQHandler                    
00004f03  DAC0_IRQHandler                      
00004f03  DMA_IRQHandler                       
00004f03  Default_Handler                      
00004f03  GROUP0_IRQHandler                    
00004f03  HardFault_Handler                    
00004f03  I2C0_IRQHandler                      
00004f03  I2C1_IRQHandler                      
00004f03  NMI_Handler                          
00004f03  PendSV_Handler                       
00004f03  RTC_IRQHandler                       
00004f03  SPI0_IRQHandler                      
00004f03  SPI1_IRQHandler                      
00004f03  SVC_Handler                          
00004f03  TIMA0_IRQHandler                     
00004f03  TIMA1_IRQHandler                     
00004f03  TIMG0_IRQHandler                     
00004f03  TIMG12_IRQHandler                    
00004f03  TIMG6_IRQHandler                     
00004f03  TIMG7_IRQHandler                     
00004f03  TIMG8_IRQHandler                     
00004f03  UART1_IRQHandler                     
00004f03  UART2_IRQHandler                     
00004f06  C$$EXIT                              
00004f07  HOSTexit                             
00004f0b  Reset_Handler                        
00004f21  _system_pre_init                     
00004f30  asc2_1608                            
00005520  asc2_0806                            
00005750  __aeabi_ctype_table_                 
00005750  __aeabi_ctype_table_C                
00005960  __TI_Handler_Table_Base              
0000596c  __TI_Handler_Table_Limit             
00005974  __TI_CINIT_Base                      
00005984  __TI_CINIT_Limit                     
00005984  __TI_CINIT_Warm                      
20200000  __start___llvm_prf_bits              
20200000  __start___llvm_prf_cnts              
20200000  __stop___llvm_prf_bits               
20200000  __stop___llvm_prf_cnts               
20200000  _sys_memory                          
20200800  _CIOBUF_                             
20200800  __CIOBUF_                            
20200920  gPWM_MOTORBackup                     
202009dc  __TI_tmpnams                         
20200a7c  gUART_WITBackup                      
20200aac  gSPI_OLEDBackup                      
20200ad4  wit_dmaBuffer                        
20200af5  oled_buffer                          
20200b18  wit_data                             
20200b38  parmbuf                              
20200b44  Get_Encoder_countA                   
20200b48  Get_Encoder_countB                   
20200b4c  encoderA_cnt                         
20200b50  encoderB_cnt                         
20200b54  gpio_interrup                        
20200b58  start_time                           
20200b5c  tick_ms                              
20200b60  _ftable                              
20200c50  _device                              
20200cc8  _stream                              
20200d18  __TI_cleanup_ptr                     
20200d1c  __TI_dtors_ptr                       
20200d20  D                                    
20200d24  I                                    
20200d28  Kd                                   
20200d2c  Ki                                   
20200d30  Kp                                   
20200d34  P                                    
20200d38  PID_value                            
20200d3c  __TI_ft_end                          
20200d40  __aeabi_errno                        
20200d44  _lock                                
20200d48  _unlock                              
20200d50  new_error                            
20200d54  previous_error                       
20200d58  cx                                   
20200d5a  rxbuf                                
20207e00  __stack                              
20208000  __STACK_END                          
ffffffff  __TI_pprof_out_hndl                  
ffffffff  __TI_prof_data_size                  
ffffffff  __TI_prof_data_start                 
ffffffff  __binit__                            
ffffffff  binit                                
UNDEFED   __mpu_init                           
UNDEFED   _system_post_cinit                   

[263 symbols]
